

================================================================
== Vitis HLS Report for 'convolution2_fix'
================================================================
* Date:           Sun Jun 19 18:34:13 2022

* Version:        2021.1 (Build 3247384 on Thu Jun 10 19:36:33 MDT 2021)
* Project:        Testing
* Solution:       solution1 (Vivado IP Flow Target)
* Product family: zynquplus
* Target device:  xczu7ev-ffvf1517-3-e


================================================================
== Performance Estimates
================================================================
+ Timing: 
    * Summary: 
    +--------+----------+----------+------------+
    |  Clock |  Target  | Estimated| Uncertainty|
    +--------+----------+----------+------------+
    |ap_clk  |  10.00 ns|  7.030 ns|     2.70 ns|
    +--------+----------+----------+------------+

+ Latency: 
    * Summary: 
    +---------+---------+----------+----------+-------+-------+---------+
    |  Latency (cycles) |  Latency (absolute) |    Interval   | Pipeline|
    |   min   |   max   |    min   |    max   |  min  |  max  |   Type  |
    +---------+---------+----------+----------+-------+-------+---------+
    |    14161|    35665|  0.142 ms|  0.357 ms|  14161|  35665|       no|
    +---------+---------+----------+----------+-------+-------+---------+

    + Detail: 
        * Instance: 
        N/A

        * Loop: 
        +-----------------------+---------+---------+------------+-----------+-----------+------+----------+
        |                       |  Latency (cycles) |  Iteration |  Initiation Interval  | Trip |          |
        |       Loop Name       |   min   |   max   |   Latency  |  achieved |   target  | Count| Pipelined|
        +-----------------------+---------+---------+------------+-----------+-----------+------+----------+
        |- VITIS_LOOP_213_1     |    14160|    35664|  885 ~ 2229|          -|          -|    16|        no|
        | + VITIS_LOOP_215_2    |      882|     2226|     21 ~ 53|          -|          -|    42|        no|
        |  ++ VITIS_LOOP_221_4  |       16|       16|           2|          -|          -|     8|        no|
        |  ++ VITIS_LOOP_226_5  |       16|       16|           2|          -|          -|     8|        no|
        |  ++ VITIS_LOOP_231_6  |       16|       16|           2|          -|          -|     8|        no|
        |  ++ VITIS_LOOP_235_7  |       16|       16|           2|          -|          -|     8|        no|
        +-----------------------+---------+---------+------------+-----------+-----------+------+----------+



================================================================
== Utilization Estimates
================================================================
* Summary: 
+-----------------+---------+------+--------+--------+-----+
|       Name      | BRAM_18K|  DSP |   FF   |   LUT  | URAM|
+-----------------+---------+------+--------+--------+-----+
|DSP              |        -|     -|       -|       -|    -|
|Expression       |        -|     -|       0|     881|    -|
|FIFO             |        -|     -|       -|       -|    -|
|Instance         |        -|    10|       0|     100|    -|
|Memory           |        4|     -|      21|       6|    -|
|Multiplexer      |        -|     -|       -|     272|    -|
|Register         |        -|     -|     337|       -|    -|
+-----------------+---------+------+--------+--------+-----+
|Total            |        4|    10|     358|    1259|    0|
+-----------------+---------+------+--------+--------+-----+
|Available        |      624|  1728|  460800|  230400|   96|
+-----------------+---------+------+--------+--------+-----+
|Utilization (%)  |       ~0|    ~0|      ~0|      ~0|    0|
+-----------------+---------+------+--------+--------+-----+

+ Detail: 
    * Instance: 
    +------------------------+--------------------+---------+----+---+----+-----+
    |        Instance        |       Module       | BRAM_18K| DSP| FF| LUT| URAM|
    +------------------------+--------------------+---------+----+---+----+-----+
    |mul_20s_32s_51_1_1_U36  |mul_20s_32s_51_1_1  |        0|   2|  0|  20|    0|
    |mul_20s_32s_51_1_1_U37  |mul_20s_32s_51_1_1  |        0|   2|  0|  20|    0|
    |mul_21s_32s_51_1_1_U38  |mul_21s_32s_51_1_1  |        0|   2|  0|  20|    0|
    |mul_21s_32s_51_1_1_U39  |mul_21s_32s_51_1_1  |        0|   2|  0|  20|    0|
    |mul_21s_32s_51_1_1_U40  |mul_21s_32s_51_1_1  |        0|   2|  0|  20|    0|
    +------------------------+--------------------+---------+----+---+----+-----+
    |Total                   |                    |        0|  10|  0| 100|    0|
    +------------------------+--------------------+---------+----+---+----+-----+

    * DSP: 
    N/A

    * Memory: 
    +----------------------+-------------------------------------+---------+----+----+-----+------+-----+------+-------------+
    |        Memory        |                Module               | BRAM_18K| FF | LUT| URAM| Words| Bits| Banks| W*Bits*Banks|
    +----------------------+-------------------------------------+---------+----+----+-----+------+-----+------+-------------+
    |secondBias_f_V_U      |convolution2_fix_secondBias_f_V      |        0|  21|   6|    0|    16|   21|     1|          336|
    |secondKernel_f_V_0_U  |convolution2_fix_secondKernel_f_V_0  |        1|   0|   0|    0|   128|   20|     1|         2560|
    |secondKernel_f_V_1_U  |convolution2_fix_secondKernel_f_V_1  |        1|   0|   0|    0|   128|   20|     1|         2560|
    |secondKernel_f_V_2_U  |convolution2_fix_secondKernel_f_V_2  |        1|   0|   0|    0|   128|   21|     1|         2688|
    |secondKernel_f_V_3_U  |convolution2_fix_secondKernel_f_V_3  |        1|   0|   0|    0|   128|   21|     1|         2688|
    +----------------------+-------------------------------------+---------+----+----+-----+------+-----+------+-------------+
    |Total                 |                                     |        4|  21|   6|    0|   528|  103|     5|        10832|
    +----------------------+-------------------------------------+---------+----+----+-----+------+-----+------+-------------+

    * FIFO: 
    N/A

    * Expression: 
    +-----------------------------+----------+----+---+----+------------+------------+
    |        Variable Name        | Operation| DSP| FF| LUT| Bitwidth P0| Bitwidth P1|
    +-----------------------------+----------+----+---+----+------------+------------+
    |add_ln1169_1_fu_465_p2       |         +|   0|  0|  16|           9|           9|
    |add_ln1169_2_fu_643_p2       |         +|   0|  0|  16|           9|           9|
    |add_ln1169_3_fu_810_p2       |         +|   0|  0|  16|           9|           9|
    |add_ln1169_4_fu_820_p2       |         +|   0|  0|  16|           9|           9|
    |add_ln1169_5_fu_769_p2       |         +|   0|  0|  16|           9|           9|
    |add_ln1169_fu_525_p2         |         +|   0|  0|  13|           6|           2|
    |add_ln1171_3_fu_633_p2       |         +|   0|  0|  14|           7|           7|
    |add_ln1171_4_fu_799_p2       |         +|   0|  0|  14|           7|           7|
    |add_ln1171_5_fu_759_p2       |         +|   0|  0|  14|           7|           7|
    |add_ln1171_fu_455_p2         |         +|   0|  0|  14|           7|           7|
    |add_ln213_fu_395_p2          |         +|   0|  0|  12|           5|           1|
    |add_ln220_fu_421_p2          |         +|   0|  0|  17|          10|          10|
    |add_ln221_fu_481_p2          |         +|   0|  0|  12|           4|           1|
    |add_ln226_fu_659_p2          |         +|   0|  0|  12|           4|           1|
    |add_ln231_fu_836_p2          |         +|   0|  0|  12|           4|           1|
    |add_ln235_fu_785_p2          |         +|   0|  0|  12|           4|           1|
    |add_ln415_2_fu_745_p2        |         +|   0|  0|  39|          32|          32|
    |add_ln415_3_fu_1046_p2       |         +|   0|  0|  39|          32|          32|
    |add_ln415_4_fu_930_p2        |         +|   0|  0|  39|          32|          32|
    |add_ln415_fu_619_p2          |         +|   0|  0|  39|          32|          32|
    |empty_68_fu_487_p2           |         +|   0|  0|  13|           6|           2|
    |indvars_iv_next20_fu_437_p2  |         +|   0|  0|  13|           6|           1|
    |ret_V_10_fu_872_p2           |         +|   0|  0|  58|          51|          51|
    |ret_V_7_fu_687_p2            |         +|   0|  0|  58|          51|          51|
    |ret_V_8_fu_972_p2            |         +|   0|  0|  58|          51|          51|
    |ret_V_9_fu_986_p2            |         +|   0|  0|  58|          51|          51|
    |ret_V_fu_561_p2              |         +|   0|  0|  58|          51|          51|
    |sub_ln727_fu_1018_p2         |         -|   0|  0|  25|           1|          18|
    |and_ln412_2_fu_735_p2        |       and|   0|  0|   2|           1|           1|
    |and_ln412_3_fu_1036_p2       |       and|   0|  0|   2|           1|           1|
    |and_ln412_4_fu_920_p2        |       and|   0|  0|   2|           1|           1|
    |and_ln412_fu_609_p2          |       and|   0|  0|   2|           1|           1|
    |ap_condition_280             |       and|   0|  0|   2|           1|           1|
    |ap_condition_307             |       and|   0|  0|   2|           1|           1|
    |cmp27_fu_514_p2              |      icmp|   0|  0|  10|           6|           1|
    |cmp50_fu_501_p2              |      icmp|   0|  0|  10|           6|           6|
    |cmp87_fu_520_p2              |      icmp|   0|  0|  10|           6|           6|
    |exitcond238_fu_431_p2        |      icmp|   0|  0|  10|           6|           6|
    |icmp_ln213_fu_389_p2         |      icmp|   0|  0|  10|           5|           6|
    |icmp_ln221_fu_475_p2         |      icmp|   0|  0|   9|           4|           5|
    |icmp_ln226_fu_653_p2         |      icmp|   0|  0|   9|           4|           5|
    |icmp_ln231_fu_830_p2         |      icmp|   0|  0|   9|           4|           5|
    |icmp_ln235_fu_779_p2         |      icmp|   0|  0|   9|           4|           5|
    |r_2_fu_723_p2                |      icmp|   0|  0|  13|          18|           1|
    |r_3_fu_1024_p2               |      icmp|   0|  0|  13|          18|          18|
    |r_4_fu_908_p2                |      icmp|   0|  0|  13|          18|           1|
    |r_fu_597_p2                  |      icmp|   0|  0|  13|          18|           1|
    |or_ln412_2_fu_729_p2         |        or|   0|  0|   2|           1|           1|
    |or_ln412_3_fu_1030_p2        |        or|   0|  0|   2|           1|           1|
    |or_ln412_4_fu_914_p2         |        or|   0|  0|   2|           1|           1|
    |or_ln412_fu_603_p2           |        or|   0|  0|   2|           1|           1|
    +-----------------------------+----------+----+---+----+------------+------------+
    |Total                        |          |   0|  0| 881|         633|         570|
    +-----------------------------+----------+----+---+----+------------+------------+

    * Multiplexer: 
    +-----------------------------------------------------+----+-----------+-----+-----------+
    |                         Name                        | LUT| Input Size| Bits| Total Bits|
    +-----------------------------------------------------+----+-----------+-----+-----------+
    |V1_i_i_i_i_i67279_promoted_reg_288                   |   9|          2|   32|         64|
    |ap_NS_fsm                                            |  65|         13|    1|         13|
    |ap_phi_mux_V1_i_i_i_i_i67279_promoted_phi_fu_291_p4  |   9|          2|   32|         64|
    |ap_phi_mux_empty_72_phi_fu_349_p6                    |  14|          3|   32|         96|
    |d_fu_92                                              |   9|          2|    5|         10|
    |empty_72_reg_346                                     |  14|          3|   32|         96|
    |h_1_reg_265                                          |   9|          2|    4|          8|
    |h_2_reg_323                                          |   9|          2|    4|          8|
    |h_3_reg_300                                          |   9|          2|    4|          8|
    |h_reg_243                                            |   9|          2|    4|          8|
    |i_reg_231                                            |   9|          2|    6|         12|
    |lhs_10_reg_311                                       |   9|          2|   32|         64|
    |lhs_5_reg_276                                        |   9|          2|   32|         64|
    |lhs_8_reg_334                                        |   9|          2|   32|         64|
    |lhs_reg_254                                          |   9|          2|   32|         64|
    |m_0_0_0_0_address0                                   |  26|          5|    9|         45|
    |out_0_0_0_0_d0                                       |  31|          6|   32|        192|
    |secondKernel_f_V_2_address0                          |  14|          3|    7|         21|
    +-----------------------------------------------------+----+-----------+-----+-----------+
    |Total                                                | 272|         57|  332|        901|
    +-----------------------------------------------------+----+-----------+-----+-----------+

    * Register: 
    +------------------------------------+----+----+-----+-----------+
    |                Name                | FF | LUT| Bits| Const Bits|
    +------------------------------------+----+----+-----+-----------+
    |V1_i_i_i_i_i67279_promoted_reg_288  |  32|   0|   32|          0|
    |add_ln213_reg_1075                  |   5|   0|    5|          0|
    |add_ln221_reg_1123                  |   4|   0|    4|          0|
    |add_ln226_reg_1174                  |   4|   0|    4|          0|
    |add_ln231_reg_1225                  |   4|   0|    4|          0|
    |add_ln235_reg_1197                  |   4|   0|    4|          0|
    |ap_CS_fsm                           |  12|   0|   12|          0|
    |cmp27_reg_1143                      |   1|   0|    1|          0|
    |cmp50_reg_1133                      |   1|   0|    1|          0|
    |cmp87_reg_1147                      |   1|   0|    1|          0|
    |d_fu_92                             |   5|   0|    5|          0|
    |empty_72_reg_346                    |  32|   0|   32|          0|
    |h_1_reg_265                         |   4|   0|    4|          0|
    |h_2_reg_323                         |   4|   0|    4|          0|
    |h_3_reg_300                         |   4|   0|    4|          0|
    |h_reg_243                           |   4|   0|    4|          0|
    |i_reg_231                           |   6|   0|    6|          0|
    |indvars_iv_next20_reg_1103          |   6|   0|    6|          0|
    |lhs_10_reg_311                      |  32|   0|   32|          0|
    |lhs_5_reg_276                       |  32|   0|   32|          0|
    |lhs_8_reg_334                       |  32|   0|   32|          0|
    |lhs_reg_254                         |  32|   0|   32|          0|
    |out_0_0_0_0_addr_reg_1095           |  10|   0|   10|          0|
    |sext_ln215_reg_1085                 |  32|   0|   32|          0|
    |tmp_2_reg_1128                      |   6|   0|    9|          3|
    |tmp_3_reg_1137                      |   6|   0|    9|          3|
    |tmp_4_reg_1151                      |   6|   0|    9|          3|
    |tmp_cast_reg_1064                   |   4|   0|    7|          3|
    |tmp_reg_1230                        |   1|   0|    1|          0|
    |tmp_s_reg_1090                      |   6|   0|    9|          3|
    |zext_ln1171_reg_1059                |   5|   0|   10|          5|
    +------------------------------------+----+----+-----+-----------+
    |Total                               | 337|   0|  357|         20|
    +------------------------------------+----+----+-----+-----------+



================================================================
== Interface
================================================================
* Summary: 
+----------------------+-----+-----+------------+------------------+--------------+
|       RTL Ports      | Dir | Bits|  Protocol  |   Source Object  |    C Type    |
+----------------------+-----+-----+------------+------------------+--------------+
|ap_clk                |   in|    1|  ap_ctrl_hs|  convolution2_fix|  return value|
|ap_rst                |   in|    1|  ap_ctrl_hs|  convolution2_fix|  return value|
|ap_start              |   in|    1|  ap_ctrl_hs|  convolution2_fix|  return value|
|ap_done               |  out|    1|  ap_ctrl_hs|  convolution2_fix|  return value|
|ap_idle               |  out|    1|  ap_ctrl_hs|  convolution2_fix|  return value|
|ap_ready              |  out|    1|  ap_ctrl_hs|  convolution2_fix|  return value|
|m_0_0_0_0_address0    |  out|    9|   ap_memory|         m_0_0_0_0|         array|
|m_0_0_0_0_ce0         |  out|    1|   ap_memory|         m_0_0_0_0|         array|
|m_0_0_0_0_q0          |   in|   32|   ap_memory|         m_0_0_0_0|         array|
|m_0_0_0_0_address1    |  out|    9|   ap_memory|         m_0_0_0_0|         array|
|m_0_0_0_0_ce1         |  out|    1|   ap_memory|         m_0_0_0_0|         array|
|m_0_0_0_0_q1          |   in|   32|   ap_memory|         m_0_0_0_0|         array|
|out_0_0_0_0_address0  |  out|   10|   ap_memory|       out_0_0_0_0|         array|
|out_0_0_0_0_ce0       |  out|    1|   ap_memory|       out_0_0_0_0|         array|
|out_0_0_0_0_we0       |  out|    1|   ap_memory|       out_0_0_0_0|         array|
|out_0_0_0_0_d0        |  out|   32|   ap_memory|       out_0_0_0_0|         array|
+----------------------+-----+-----+------------+------------------+--------------+

