

================================================================
== Vitis HLS Report for 'convolution1_fix_Pipeline_Convolution1_loop'
================================================================
* Date:           Sun Aug 21 14:57:02 2022

* Version:        2021.1 (Build 3247384 on Thu Jun 10 19:36:33 MDT 2021)
* Project:        Testing
* Solution:       solution1 (Vivado IP Flow Target)
* Product family: zynq
* Target device:  xc7z020-clg400-1


================================================================
== Performance Estimates
================================================================
+ Timing: 
    * Summary: 
    +--------+----------+----------+------------+
    |  Clock |  Target  | Estimated| Uncertainty|
    +--------+----------+----------+------------+
    |ap_clk  |  10.37 ns|  7.561 ns|     2.80 ns|
    +--------+----------+----------+------------+

+ Latency: 
    * Summary: 
    +---------+---------+-----------+-----------+------+------+---------+
    |  Latency (cycles) |   Latency (absolute)  |   Interval  | Pipeline|
    |   min   |   max   |    min    |    max    |  min |  max |   Type  |
    +---------+---------+-----------+-----------+------+------+---------+
    |     3095|     3095|  32.095 us|  32.095 us|  3095|  3095|       no|
    +---------+---------+-----------+-----------+------+------+---------+

    + Detail: 
        * Instance: 
        N/A

        * Loop: 
        +---------------------+---------+---------+----------+-----------+-----------+------+----------+
        |                     |  Latency (cycles) | Iteration|  Initiation Interval  | Trip |          |
        |      Loop Name      |   min   |   max   |  Latency |  achieved |   target  | Count| Pipelined|
        +---------------------+---------+---------+----------+-----------+-----------+------+----------+
        |- Convolution1_loop  |     3093|     3093|        23|          1|          1|  3072|       yes|
        +---------------------+---------+---------+----------+-----------+-----------+------+----------+



================================================================
== Utilization Estimates
================================================================
* Summary: 
+-----------------+---------+-----+--------+-------+-----+
|       Name      | BRAM_18K| DSP |   FF   |  LUT  | URAM|
+-----------------+---------+-----+--------+-------+-----+
|DSP              |        -|    1|       -|      -|    -|
|Expression       |        -|    -|       0|   2413|    -|
|FIFO             |        -|    -|       -|      -|    -|
|Instance         |        -|   24|    3162|   1650|    -|
|Memory           |        0|    -|     244|     39|    -|
|Multiplexer      |        -|    -|       -|    228|    -|
|Register         |        -|    -|    2618|    384|    -|
+-----------------+---------+-----+--------+-------+-----+
|Total            |        0|   25|    6024|   4714|    0|
+-----------------+---------+-----+--------+-------+-----+
|Available        |      280|  220|  106400|  53200|    0|
+-----------------+---------+-----+--------+-------+-----+
|Utilization (%)  |        0|   11|       5|      8|    0|
+-----------------+---------+-----+--------+-------+-----+

+ Detail: 
    * Instance: 
    +--------------------------+----------------------+---------+----+-----+-----+-----+
    |         Instance         |        Module        | BRAM_18K| DSP|  FF | LUT | URAM|
    +--------------------------+----------------------+---------+----+-----+-----+-----+
    |mul_36s_12s_36_2_1_U15    |mul_36s_12s_36_2_1    |        0|   2|  202|   85|    0|
    |mul_36s_12s_36_2_1_U16    |mul_36s_12s_36_2_1    |        0|   2|  202|   85|    0|
    |mul_36s_12s_36_2_1_U17    |mul_36s_12s_36_2_1    |        0|   2|  202|   85|    0|
    |mul_36s_12s_36_2_1_U18    |mul_36s_12s_36_2_1    |        0|   2|  202|   85|    0|
    |mul_36s_12s_36_2_1_U19    |mul_36s_12s_36_2_1    |        0|   2|  202|   85|    0|
    |mul_36s_12s_36_2_1_U20    |mul_36s_12s_36_2_1    |        0|   2|  202|   85|    0|
    |mul_36s_12s_36_2_1_U21    |mul_36s_12s_36_2_1    |        0|   2|  202|   85|    0|
    |mul_36s_12s_36_2_1_U22    |mul_36s_12s_36_2_1    |        0|   2|  202|   85|    0|
    |mul_36s_12s_36_2_1_U23    |mul_36s_12s_36_2_1    |        0|   2|  202|   85|    0|
    |mul_36s_12s_36_2_1_U24    |mul_36s_12s_36_2_1    |        0|   2|  202|   85|    0|
    |mul_36s_12s_36_2_1_U25    |mul_36s_12s_36_2_1    |        0|   2|  202|   85|    0|
    |mul_36s_12s_36_2_1_U26    |mul_36s_12s_36_2_1    |        0|   2|  202|   85|    0|
    |mux_124_12_1_1_U14        |mux_124_12_1_1        |        0|   0|    0|   65|    0|
    |srem_17ns_3ns_3_21_1_U13  |srem_17ns_3ns_3_21_1  |        0|   0|  738|  565|    0|
    +--------------------------+----------------------+---------+----+-----+-----+-----+
    |Total                     |                      |        0|  24| 3162| 1650|    0|
    +--------------------------+----------------------+---------+----+-----+-----+-----+

    * DSP: 
    +-----------------------------+-------------------------+-----------+
    |           Instance          |          Module         | Expression|
    +-----------------------------+-------------------------+-----------+
    |mul_mul_16s_17ns_34_4_1_U27  |mul_mul_16s_17ns_34_4_1  |    i0 * i1|
    +-----------------------------+-------------------------+-----------+

    * Memory: 
    +-----------------------+-----------------------------------------------------------------+---------+----+----+-----+------+-----+------+-------------+
    |         Memory        |                              Module                             | BRAM_18K| FF | LUT| URAM| Words| Bits| Banks| W*Bits*Banks|
    +-----------------------+-----------------------------------------------------------------+---------+----+----+-----+------+-----+------+-------------+
    |firstBias_f_V_U        |convolution1_fix_Pipeline_Convolution1_loop_firstBias_f_V        |        0|  22|   3|    0|     8|   22|     1|          176|
    |firstKernel_f_V_0_0_U  |convolution1_fix_Pipeline_Convolution1_loop_firstKernel_f_V_0_0  |        0|  19|   3|    0|     8|   19|     1|          152|
    |firstKernel_f_V_0_1_U  |convolution1_fix_Pipeline_Convolution1_loop_firstKernel_f_V_0_1  |        0|  19|   3|    0|     8|   19|     1|          152|
    |firstKernel_f_V_0_2_U  |convolution1_fix_Pipeline_Convolution1_loop_firstKernel_f_V_0_2  |        0|  20|   3|    0|     8|   20|     1|          160|
    |firstKernel_f_V_1_0_U  |convolution1_fix_Pipeline_Convolution1_loop_firstKernel_f_V_1_0  |        0|  18|   3|    0|     8|   18|     1|          144|
    |firstKernel_f_V_1_1_U  |convolution1_fix_Pipeline_Convolution1_loop_firstKernel_f_V_1_1  |        0|  18|   3|    0|     8|   18|     1|          144|
    |firstKernel_f_V_1_2_U  |convolution1_fix_Pipeline_Convolution1_loop_firstKernel_f_V_1_2  |        0|  18|   3|    0|     8|   18|     1|          144|
    |firstKernel_f_V_2_0_U  |convolution1_fix_Pipeline_Convolution1_loop_firstKernel_f_V_2_0  |        0|  18|   3|    0|     8|   18|     1|          144|
    |firstKernel_f_V_2_1_U  |convolution1_fix_Pipeline_Convolution1_loop_firstKernel_f_V_2_1  |        0|  18|   3|    0|     8|   18|     1|          144|
    |firstKernel_f_V_2_2_U  |convolution1_fix_Pipeline_Convolution1_loop_firstKernel_f_V_2_2  |        0|  18|   3|    0|     8|   18|     1|          144|
    |firstKernel_f_V_3_0_U  |convolution1_fix_Pipeline_Convolution1_loop_firstKernel_f_V_3_0  |        0|  18|   3|    0|     8|   18|     1|          144|
    |firstKernel_f_V_3_1_U  |convolution1_fix_Pipeline_Convolution1_loop_firstKernel_f_V_3_1  |        0|  19|   3|    0|     8|   19|     1|          152|
    |firstKernel_f_V_3_2_U  |convolution1_fix_Pipeline_Convolution1_loop_firstKernel_f_V_3_2  |        0|  19|   3|    0|     8|   19|     1|          152|
    +-----------------------+-----------------------------------------------------------------+---------+----+----+-----+------+-----+------+-------------+
    |Total                  |                                                                 |        0| 244|  39|    0|   104|  244|    13|         1952|
    +-----------------------+-----------------------------------------------------------------+---------+----+----+-----+------+-----+------+-------------+

    * FIFO: 
    N/A

    * Expression: 
    +----------------------------+----------+----+---+----+------------+------------+
    |        Variable Name       | Operation| DSP| FF| LUT| Bitwidth P0| Bitwidth P1|
    +----------------------------+----------+----+---+----+------------+------------+
    |add_ln109_fu_848_p2         |         +|   0|  0|  24|          17|           1|
    |add_ln125_fu_1023_p2        |         +|   0|  0|  14|           9|           9|
    |add_ln41_fu_724_p2          |         +|   0|  0|  24|          17|           1|
    |add_ln51_fu_899_p2          |         +|   0|  0|  24|          17|           1|
    |add_ln712_10_fu_2626_p2     |         +|   0|  0|  36|          36|          36|
    |add_ln712_1_fu_2607_p2      |         +|   0|  0|  36|          36|          36|
    |add_ln712_2_fu_2575_p2      |         +|   0|  0|  43|          36|          36|
    |add_ln712_3_fu_2612_p2      |         +|   0|  0|  36|          36|          36|
    |add_ln712_4_fu_2616_p2      |         +|   0|  0|  36|          36|          36|
    |add_ln712_5_fu_2579_p2      |         +|   0|  0|  36|          36|          36|
    |add_ln712_6_fu_2584_p2      |         +|   0|  0|  36|          36|          36|
    |add_ln712_7_fu_2589_p2      |         +|   0|  0|  36|          36|          36|
    |add_ln712_8_fu_2593_p2      |         +|   0|  0|  43|          36|          36|
    |add_ln712_9_fu_2597_p2      |         +|   0|  0|  36|          36|          36|
    |add_ln712_fu_2603_p2        |         +|   0|  0|  36|          36|          36|
    |add_ln77_1_fu_801_p2        |         +|   0|  0|  12|          12|           1|
    |add_ln77_fu_1029_p2         |         +|   0|  0|  10|           2|           1|
    |add_ln78_fu_1053_p2         |         +|   0|  0|  24|          17|           2|
    |add_ln79_fu_1112_p2         |         +|   0|  0|  24|          17|           2|
    |add_ln80_1_fu_1184_p2       |         +|   0|  0|  36|           9|           9|
    |add_ln80_fu_1161_p2         |         +|   0|  0|  14|           7|           2|
    |add_ln81_fu_1190_p2         |         +|   0|  0|  14|           7|           2|
    |id_4_fu_700_p2              |         +|   0|  0|  12|          12|           1|
    |newFirst_fu_1207_p2         |         +|   0|  0|  36|           9|           9|
    |newSecond78_fu_1106_p2      |         +|   0|  0|  36|           9|           9|
    |newSecond80_fu_1155_p2      |         +|   0|  0|  36|           9|           9|
    |num_V_2_fu_2630_p2          |         +|   0|  0|  36|          36|          36|
    |newFirst77_fu_1100_p2       |         -|   0|  0|  36|           9|           9|
    |newFirst79_fu_1149_p2       |         -|   0|  0|  36|           9|           9|
    |newSecond_fu_1213_p2        |         -|   0|  0|  36|           9|           9|
    |sub_ln125_1_fu_997_p2       |         -|   0|  0|  14|           1|           6|
    |sub_ln125_fu_965_p2         |         -|   0|  0|  40|           1|          33|
    |sub_ln41_fu_756_p2          |         -|   0|  0|  15|           1|           8|
    |sub_ln51_fu_931_p2          |         -|   0|  0|  13|           1|           4|
    |sub_ln80_fu_1178_p2         |         -|   0|  0|  36|           9|           9|
    |and_ln105_1_fu_2159_p2      |       and|   0|  0|   2|           1|           1|
    |and_ln105_fu_2147_p2        |       and|   0|  0|   2|           1|           1|
    |and_ln109_fu_2189_p2        |       and|   0|  0|   2|           1|           1|
    |and_ln112_1_fu_2200_p2      |       and|   0|  0|   2|           1|           1|
    |and_ln112_2_fu_2205_p2      |       and|   0|  0|   2|           1|           1|
    |and_ln112_3_fu_2211_p2      |       and|   0|  0|   2|           1|           1|
    |and_ln112_fu_2194_p2        |       and|   0|  0|   2|           1|           1|
    |and_ln127_fu_2665_p2        |       and|   0|  0|   2|           1|           1|
    |and_ln78_1_fu_1349_p2       |       and|   0|  0|   2|           1|           1|
    |and_ln78_fu_1323_p2         |       and|   0|  0|   2|           1|           1|
    |and_ln79_fu_1333_p2         |       and|   0|  0|   2|           1|           1|
    |and_ln90_1_fu_1846_p2       |       and|   0|  0|   2|           1|           1|
    |and_ln90_fu_1685_p2         |       and|   0|  0|   2|           1|           1|
    |and_ln92_1_fu_1713_p2       |       and|   0|  0|   2|           1|           1|
    |and_ln92_2_fu_1719_p2       |       and|   0|  0|   2|           1|           1|
    |and_ln92_3_fu_1739_p2       |       and|   0|  0|   2|           1|           1|
    |and_ln92_4_fu_1759_p2       |       and|   0|  0|   2|           1|           1|
    |and_ln92_5_fu_1779_p2       |       and|   0|  0|   2|           1|           1|
    |and_ln92_fu_1707_p2         |       and|   0|  0|   2|           1|           1|
    |and_ln96_1_fu_1803_p2       |       and|   0|  0|   2|           1|           1|
    |and_ln96_2_fu_1809_p2       |       and|   0|  0|   2|           1|           1|
    |and_ln96_3_fu_1815_p2       |       and|   0|  0|   2|           1|           1|
    |and_ln96_fu_1798_p2         |       and|   0|  0|   2|           1|           1|
    |ap_condition_1484           |       and|   0|  0|   2|           1|           1|
    |ap_condition_1500           |       and|   0|  0|   2|           1|           1|
    |ap_condition_1504           |       and|   0|  0|   2|           1|           1|
    |ap_condition_2732           |       and|   0|  0|   2|           1|           1|
    |ap_condition_2737           |       and|   0|  0|   2|           1|           1|
    |ap_condition_2742           |       and|   0|  0|   2|           1|           1|
    |ap_condition_2757           |       and|   0|  0|   2|           1|           1|
    |ap_condition_2760           |       and|   0|  0|   2|           1|           1|
    |icmp_ln109_fu_864_p2        |      icmp|   0|  0|  11|          10|           1|
    |icmp_ln127_fu_2639_p2       |      icmp|   0|  0|   8|           3|           1|
    |icmp_ln1548_fu_2648_p2      |      icmp|   0|  0|  19|          36|          36|
    |icmp_ln37_fu_694_p2         |      icmp|   0|  0|  12|          12|          12|
    |icmp_ln50_fu_782_p2         |      icmp|   0|  0|  11|           8|           1|
    |icmp_ln77_fu_807_p2         |      icmp|   0|  0|  12|          12|           2|
    |icmp_ln78_1_fu_1074_p2      |      icmp|   0|  0|   8|           2|           1|
    |icmp_ln78_2_fu_1400_p2      |      icmp|   0|  0|   8|           2|           1|
    |icmp_ln78_3_fu_1413_p2      |      icmp|   0|  0|   8|           2|           1|
    |icmp_ln78_4_fu_1068_p2      |      icmp|   0|  0|  11|          10|           1|
    |icmp_ln78_fu_1034_p2        |      icmp|   0|  0|   8|           2|           2|
    |icmp_ln79_fu_1127_p2        |      icmp|   0|  0|  11|          10|           1|
    |icmp_ln83_1_fu_1604_p2      |      icmp|   0|  0|   8|           2|           1|
    |icmp_ln83_fu_1591_p2        |      icmp|   0|  0|   8|           2|           1|
    |icmp_ln84_fu_842_p2         |      icmp|   0|  0|  13|          16|           1|
    |icmp_ln86_fu_1617_p2        |      icmp|   0|  0|   8|           2|           1|
    |icmp_ln92_1_fu_1695_p2      |      icmp|   0|  0|   8|           3|           3|
    |icmp_ln92_2_fu_1701_p2      |      icmp|   0|  0|   9|           3|           4|
    |icmp_ln92_3_fu_1733_p2      |      icmp|   0|  0|   8|           3|           3|
    |icmp_ln92_4_fu_1753_p2      |      icmp|   0|  0|   8|           3|           3|
    |icmp_ln92_5_fu_1773_p2      |      icmp|   0|  0|   9|           3|           4|
    |icmp_ln92_fu_1689_p2        |      icmp|   0|  0|   8|           3|           3|
    |ap_condition_1494           |        or|   0|  0|   2|           1|           1|
    |or_ln109_fu_2172_p2         |        or|   0|  0|   2|           1|           1|
    |or_ln112_1_fu_2223_p2       |        or|   0|  0|   2|           1|           1|
    |or_ln112_fu_2217_p2         |        or|   0|  0|   2|           1|           1|
    |or_ln78_fu_1354_p2          |        or|   0|  0|   2|           1|           1|
    |or_ln79_fu_1338_p2          |        or|   0|  0|   2|           1|           1|
    |or_ln96_1_fu_1827_p2        |        or|   0|  0|   2|           1|           1|
    |or_ln96_2_fu_1859_p2        |        or|   0|  0|   2|           1|           1|
    |or_ln96_fu_1821_p2          |        or|   0|  0|   2|           1|           1|
    |aux_V_4_fu_2653_p3          |    select|   0|  0|  36|           1|          36|
    |aux_V_5_fu_2670_p3          |    select|   0|  0|  36|           1|           1|
    |d_4_fu_945_p3               |    select|   0|  0|   4|           1|           4|
    |i_5_fu_770_p3               |    select|   0|  0|   8|           1|           8|
    |select_ln105_1_fu_2164_p3   |    select|   0|  0|  12|           1|           1|
    |select_ln105_2_fu_2237_p3   |    select|   0|  0|  12|           1|          12|
    |select_ln105_3_fu_2245_p3   |    select|   0|  0|  12|           1|          12|
    |select_ln105_4_fu_2269_p3   |    select|   0|  0|  12|           1|          12|
    |select_ln105_5_fu_2277_p3   |    select|   0|  0|  12|           1|          12|
    |select_ln105_6_fu_2301_p3   |    select|   0|  0|  12|           1|          12|
    |select_ln105_7_fu_2308_p3   |    select|   0|  0|  12|           1|           1|
    |select_ln105_fu_2151_p3     |    select|   0|  0|  12|           1|          12|
    |select_ln107_fu_2141_p3     |    select|   0|  0|  12|           1|          12|
    |select_ln109_1_fu_2253_p3   |    select|   0|  0|  12|           1|          12|
    |select_ln109_2_fu_2285_p3   |    select|   0|  0|  12|           1|          12|
    |select_ln109_3_fu_2316_p3   |    select|   0|  0|  12|           1|          12|
    |select_ln109_4_fu_2348_p3   |    select|   0|  0|  12|           1|          12|
    |select_ln109_5_fu_2380_p3   |    select|   0|  0|  12|           1|          12|
    |select_ln109_fu_2176_p3     |    select|   0|  0|  12|           1|          12|
    |select_ln111_fu_2068_p3     |    select|   0|  0|  12|           1|          12|
    |select_ln112_10_fu_2396_p3  |    select|   0|  0|  12|           1|          12|
    |select_ln112_11_fu_2404_p3  |    select|   0|  0|  12|           1|          12|
    |select_ln112_1_fu_2261_p3   |    select|   0|  0|  12|           1|           1|
    |select_ln112_2_fu_2293_p3   |    select|   0|  0|  12|           1|           1|
    |select_ln112_3_fu_2324_p3   |    select|   0|  0|  12|           1|           1|
    |select_ln112_4_fu_2332_p3   |    select|   0|  0|  12|           1|          12|
    |select_ln112_5_fu_2340_p3   |    select|   0|  0|  12|           1|          12|
    |select_ln112_6_fu_2356_p3   |    select|   0|  0|  12|           1|          12|
    |select_ln112_7_fu_2364_p3   |    select|   0|  0|  12|           1|          12|
    |select_ln112_8_fu_2372_p3   |    select|   0|  0|  12|           1|          12|
    |select_ln112_9_fu_2388_p3   |    select|   0|  0|  12|           1|          12|
    |select_ln112_fu_2229_p3     |    select|   0|  0|  12|           1|           1|
    |select_ln125_1_fu_1006_p3   |    select|   0|  0|   6|           1|           6|
    |select_ln125_fu_990_p3      |    select|   0|  0|   6|           1|           6|
    |select_ln77_fu_813_p3       |    select|   0|  0|  12|           1|          12|
    |select_ln78_1_fu_1384_p3    |    select|   0|  0|  12|           1|          12|
    |select_ln78_fu_1368_p3      |    select|   0|  0|  12|           1|          12|
    |select_ln86_1_fu_1669_p3    |    select|   0|  0|  12|           1|          12|
    |select_ln86_2_fu_2076_p3    |    select|   0|  0|  12|           1|          12|
    |select_ln86_3_fu_2118_p3    |    select|   0|  0|  12|           1|          12|
    |select_ln86_fu_1630_p3      |    select|   0|  0|  12|           1|          12|
    |select_ln87_fu_1661_p3      |    select|   0|  0|  12|           1|          12|
    |select_ln90_1_fu_1911_p3    |    select|   0|  0|  12|           1|          12|
    |select_ln90_2_fu_1967_p3    |    select|   0|  0|  12|           1|           1|
    |select_ln90_fu_1851_p3      |    select|   0|  0|  12|           1|          12|
    |select_ln91_fu_1677_p3      |    select|   0|  0|  12|           1|          12|
    |select_ln92_10_fu_1943_p3   |    select|   0|  0|  12|           1|          12|
    |select_ln92_11_fu_1951_p3   |    select|   0|  0|  12|           1|          12|
    |select_ln92_12_fu_1983_p3   |    select|   0|  0|  12|           1|          12|
    |select_ln92_13_fu_1991_p3   |    select|   0|  0|  12|           1|          12|
    |select_ln92_14_fu_1999_p3   |    select|   0|  0|  12|           1|          12|
    |select_ln92_15_fu_2007_p3   |    select|   0|  0|  12|           1|          12|
    |select_ln92_1_fu_1745_p3    |    select|   0|  0|  12|           1|          12|
    |select_ln92_2_fu_1765_p3    |    select|   0|  0|  12|           1|          12|
    |select_ln92_3_fu_1785_p3    |    select|   0|  0|  12|           1|          12|
    |select_ln92_4_fu_1871_p3    |    select|   0|  0|  12|           1|          12|
    |select_ln92_5_fu_1879_p3    |    select|   0|  0|  12|           1|          12|
    |select_ln92_6_fu_1887_p3    |    select|   0|  0|  12|           1|          12|
    |select_ln92_7_fu_1895_p3    |    select|   0|  0|  12|           1|          12|
    |select_ln92_8_fu_1927_p3    |    select|   0|  0|  12|           1|          12|
    |select_ln92_9_fu_1935_p3    |    select|   0|  0|  12|           1|          12|
    |select_ln92_fu_1725_p3      |    select|   0|  0|  12|           1|          12|
    |select_ln95_fu_1622_p3      |    select|   0|  0|  12|           1|          12|
    |select_ln96_1_fu_1863_p3    |    select|   0|  0|  12|           1|          12|
    |select_ln96_2_fu_1903_p3    |    select|   0|  0|  12|           1|           1|
    |select_ln96_3_fu_1919_p3    |    select|   0|  0|  12|           1|          12|
    |select_ln96_4_fu_1959_p3    |    select|   0|  0|  12|           1|           1|
    |select_ln96_5_fu_1975_p3    |    select|   0|  0|  12|           1|          12|
    |select_ln96_6_fu_2015_p3    |    select|   0|  0|  12|           1|          12|
    |select_ln96_7_fu_2023_p3    |    select|   0|  0|  12|           1|          12|
    |select_ln96_8_fu_2031_p3    |    select|   0|  0|  12|           1|          12|
    |select_ln96_fu_1833_p3      |    select|   0|  0|  12|           1|           1|
    |t_fu_1045_p3                |    select|   0|  0|   2|           1|           2|
    |tmp1_V_11_30_fu_1418_p3     |    select|   0|  0|  12|           1|          12|
    |tmp1_V_11_31_fu_1426_p3     |    select|   0|  0|  12|           1|          12|
    |tmp1_V_11_32_fu_1434_p3     |    select|   0|  0|  12|           1|          12|
    |tmp1_V_11_34_fu_1442_p3     |    select|   0|  0|  12|           1|          12|
    |tmp1_V_11_35_fu_1596_p3     |    select|   0|  0|  12|           1|          12|
    |tmp1_V_11_36_fu_1609_p3     |    select|   0|  0|  12|           1|          12|
    |tmp1_V_11_37_fu_1638_p3     |    select|   0|  0|  12|           1|          12|
    |tmp1_V_11_38_fu_1646_p3     |    select|   0|  0|  12|           1|          12|
    |tmp1_V_11_39_fu_2039_p3     |    select|   0|  0|  12|           1|          12|
    |tmp1_V_11_40_fu_2047_p3     |    select|   0|  0|  12|           1|          12|
    |tmp1_V_11_41_fu_2055_p3     |    select|   0|  0|  12|           1|          12|
    |tmp1_V_11_42_fu_2061_p3     |    select|   0|  0|  12|           1|          12|
    |tmp1_V_11_43_fu_2126_p3     |    select|   0|  0|  12|           1|          12|
    |tmp1_V_11_44_fu_2133_p3     |    select|   0|  0|  12|           1|          12|
    |tmp1_V_11_45_fu_1392_p3     |    select|   0|  0|  12|           1|          12|
    |tmp1_V_11_fu_1405_p3        |    select|   0|  0|  12|           1|          12|
    |ap_enable_pp0               |       xor|   0|  0|   2|           1|           2|
    |xor_ln41_fu_742_p2          |       xor|   0|  0|   7|           7|           2|
    |xor_ln51_fu_917_p2          |       xor|   0|  0|   3|           3|           2|
    |xor_ln78_1_fu_2184_p2       |       xor|   0|  0|   2|           1|           2|
    |xor_ln78_2_fu_1040_p2       |       xor|   0|  0|   3|           2|           3|
    |xor_ln78_fu_1327_p2         |       xor|   0|  0|   2|           2|           1|
    |xor_ln79_fu_1343_p2         |       xor|   0|  0|   2|           1|           2|
    |xor_ln84_fu_1793_p2         |       xor|   0|  0|   2|           1|           2|
    |xor_ln90_fu_1841_p2         |       xor|   0|  0|   2|           1|           2|
    +----------------------------+----------+----+---+----+------------+------------+
    |Total                       |          |   0|  0|2413|         939|        1657|
    +----------------------------+----------+----+---+----+------------+------------+

    * Multiplexer: 
    +----------------------------------------+----+-----------+-----+-----------+
    |                  Name                  | LUT| Input Size| Bits| Total Bits|
    +----------------------------------------+----+-----------+-----+-----------+
    |ap_done_int                             |   9|          2|    1|          2|
    |ap_enable_reg_pp0_iter1                 |   9|          2|    1|          2|
    |ap_enable_reg_pp0_iter17                |   9|          2|    1|          2|
    |ap_phi_reg_pp0_iter17_cmp10017_reg_587  |   9|          2|    1|          2|
    |ap_phi_reg_pp0_iter2_cmp10017_reg_587   |   9|          2|    1|          2|
    |aux_V_fu_184                            |   9|          2|   36|         72|
    |d_fu_192                                |   9|          2|   16|         32|
    |i_fu_256                                |  14|          3|   16|         48|
    |id_fu_180                               |   9|          2|   12|         24|
    |input_r_address0                        |  25|          5|    9|         45|
    |j_fu_176                                |   9|          2|   12|         24|
    |tmp1_V_0_1_fu_252                       |   9|          2|   12|         24|
    |tmp1_V_0_fu_248                         |   9|          2|   12|         24|
    |tmp1_V_1_1_fu_268                       |   9|          2|   12|         24|
    |tmp1_V_1_fu_264                         |   9|          2|   12|         24|
    |tmp1_V_2_1_fu_280                       |   9|          2|   12|         24|
    |tmp1_V_2_fu_276                         |   9|          2|   12|         24|
    |tmp1_V_3_fu_244                         |   9|          2|   12|         24|
    |tmp1_V_4_fu_260                         |   9|          2|   12|         24|
    |tmp1_V_5_fu_272                         |   9|          2|   12|         24|
    |tmp1_V_6_fu_292                         |   9|          2|   12|         24|
    |tmp1_V_7_fu_284                         |   9|          2|   12|         24|
    |tmp1_V_8_fu_288                         |   9|          2|   12|         24|
    +----------------------------------------+----+-----------+-----+-----------+
    |Total                                   | 228|         50|  250|        543|
    +----------------------------------------+----+-----------+-----+-----------+

    * Register: 
    +--------------------------------------------+----+----+-----+-----------+
    |                    Name                    | FF | LUT| Bits| Const Bits|
    +--------------------------------------------+----+----+-----+-----------+
    |add_ln125_reg_2975                          |   9|   0|    9|          0|
    |add_ln712_1_reg_3409                        |  36|   0|   36|          0|
    |add_ln712_2_reg_3394                        |  36|   0|   36|          0|
    |add_ln712_4_reg_3414                        |  36|   0|   36|          0|
    |add_ln712_6_reg_3399                        |  36|   0|   36|          0|
    |add_ln712_6_reg_3399_pp0_iter21_reg         |  36|   0|   36|          0|
    |add_ln712_9_reg_3404                        |  36|   0|   36|          0|
    |add_ln712_9_reg_3404_pp0_iter21_reg         |  36|   0|   36|          0|
    |add_ln80_1_reg_3027                         |   9|   0|    9|          0|
    |ap_CS_fsm                                   |   1|   0|    1|          0|
    |ap_done_reg                                 |   1|   0|    1|          0|
    |ap_enable_reg_pp0_iter1                     |   1|   0|    1|          0|
    |ap_enable_reg_pp0_iter10                    |   1|   0|    1|          0|
    |ap_enable_reg_pp0_iter11                    |   1|   0|    1|          0|
    |ap_enable_reg_pp0_iter12                    |   1|   0|    1|          0|
    |ap_enable_reg_pp0_iter13                    |   1|   0|    1|          0|
    |ap_enable_reg_pp0_iter14                    |   1|   0|    1|          0|
    |ap_enable_reg_pp0_iter15                    |   1|   0|    1|          0|
    |ap_enable_reg_pp0_iter16                    |   1|   0|    1|          0|
    |ap_enable_reg_pp0_iter17                    |   1|   0|    1|          0|
    |ap_enable_reg_pp0_iter18                    |   1|   0|    1|          0|
    |ap_enable_reg_pp0_iter19                    |   1|   0|    1|          0|
    |ap_enable_reg_pp0_iter2                     |   1|   0|    1|          0|
    |ap_enable_reg_pp0_iter20                    |   1|   0|    1|          0|
    |ap_enable_reg_pp0_iter21                    |   1|   0|    1|          0|
    |ap_enable_reg_pp0_iter22                    |   1|   0|    1|          0|
    |ap_enable_reg_pp0_iter23                    |   1|   0|    1|          0|
    |ap_enable_reg_pp0_iter3                     |   1|   0|    1|          0|
    |ap_enable_reg_pp0_iter4                     |   1|   0|    1|          0|
    |ap_enable_reg_pp0_iter5                     |   1|   0|    1|          0|
    |ap_enable_reg_pp0_iter6                     |   1|   0|    1|          0|
    |ap_enable_reg_pp0_iter7                     |   1|   0|    1|          0|
    |ap_enable_reg_pp0_iter8                     |   1|   0|    1|          0|
    |ap_enable_reg_pp0_iter9                     |   1|   0|    1|          0|
    |ap_loop_exit_ready_pp0_iter10_reg           |   1|   0|    1|          0|
    |ap_loop_exit_ready_pp0_iter11_reg           |   1|   0|    1|          0|
    |ap_loop_exit_ready_pp0_iter12_reg           |   1|   0|    1|          0|
    |ap_loop_exit_ready_pp0_iter13_reg           |   1|   0|    1|          0|
    |ap_loop_exit_ready_pp0_iter14_reg           |   1|   0|    1|          0|
    |ap_loop_exit_ready_pp0_iter15_reg           |   1|   0|    1|          0|
    |ap_loop_exit_ready_pp0_iter16_reg           |   1|   0|    1|          0|
    |ap_loop_exit_ready_pp0_iter17_reg           |   1|   0|    1|          0|
    |ap_loop_exit_ready_pp0_iter18_reg           |   1|   0|    1|          0|
    |ap_loop_exit_ready_pp0_iter19_reg           |   1|   0|    1|          0|
    |ap_loop_exit_ready_pp0_iter20_reg           |   1|   0|    1|          0|
    |ap_loop_exit_ready_pp0_iter21_reg           |   1|   0|    1|          0|
    |ap_loop_exit_ready_pp0_iter22_reg           |   1|   0|    1|          0|
    |ap_loop_exit_ready_pp0_iter2_reg            |   1|   0|    1|          0|
    |ap_loop_exit_ready_pp0_iter3_reg            |   1|   0|    1|          0|
    |ap_loop_exit_ready_pp0_iter4_reg            |   1|   0|    1|          0|
    |ap_loop_exit_ready_pp0_iter5_reg            |   1|   0|    1|          0|
    |ap_loop_exit_ready_pp0_iter6_reg            |   1|   0|    1|          0|
    |ap_loop_exit_ready_pp0_iter7_reg            |   1|   0|    1|          0|
    |ap_loop_exit_ready_pp0_iter8_reg            |   1|   0|    1|          0|
    |ap_loop_exit_ready_pp0_iter9_reg            |   1|   0|    1|          0|
    |ap_phi_reg_pp0_iter10_cmp10017_reg_587      |   1|   0|    1|          0|
    |ap_phi_reg_pp0_iter11_cmp10017_reg_587      |   1|   0|    1|          0|
    |ap_phi_reg_pp0_iter12_cmp10017_reg_587      |   1|   0|    1|          0|
    |ap_phi_reg_pp0_iter13_cmp10017_reg_587      |   1|   0|    1|          0|
    |ap_phi_reg_pp0_iter14_cmp10017_reg_587      |   1|   0|    1|          0|
    |ap_phi_reg_pp0_iter15_cmp10017_reg_587      |   1|   0|    1|          0|
    |ap_phi_reg_pp0_iter16_cmp10017_reg_587      |   1|   0|    1|          0|
    |ap_phi_reg_pp0_iter17_cmp10017_reg_587      |   1|   0|    1|          0|
    |ap_phi_reg_pp0_iter18_cmp10017_reg_587      |   1|   0|    1|          0|
    |ap_phi_reg_pp0_iter19_cmp10017_reg_587      |   1|   0|    1|          0|
    |ap_phi_reg_pp0_iter1_cmp10017_reg_587       |   1|   0|    1|          0|
    |ap_phi_reg_pp0_iter20_cmp10017_reg_587      |   1|   0|    1|          0|
    |ap_phi_reg_pp0_iter21_cmp10017_reg_587      |   1|   0|    1|          0|
    |ap_phi_reg_pp0_iter22_cmp10017_reg_587      |   1|   0|    1|          0|
    |ap_phi_reg_pp0_iter23_cmp10017_reg_587      |   1|   0|    1|          0|
    |ap_phi_reg_pp0_iter2_cmp10017_reg_587       |   1|   0|    1|          0|
    |ap_phi_reg_pp0_iter3_cmp10017_reg_587       |   1|   0|    1|          0|
    |ap_phi_reg_pp0_iter4_cmp10017_reg_587       |   1|   0|    1|          0|
    |ap_phi_reg_pp0_iter5_cmp10017_reg_587       |   1|   0|    1|          0|
    |ap_phi_reg_pp0_iter6_cmp10017_reg_587       |   1|   0|    1|          0|
    |ap_phi_reg_pp0_iter7_cmp10017_reg_587       |   1|   0|    1|          0|
    |ap_phi_reg_pp0_iter8_cmp10017_reg_587       |   1|   0|    1|          0|
    |ap_phi_reg_pp0_iter9_cmp10017_reg_587       |   1|   0|    1|          0|
    |aux_V_fu_184                                |  36|   0|   36|          0|
    |b_fu_188                                    |  36|   0|   36|          0|
    |d_4_reg_2960                                |   4|   0|    4|          0|
    |d_fu_192                                    |  16|   0|   16|          0|
    |empty_36_fu_200                             |  36|   0|   36|          0|
    |empty_37_fu_204                             |  36|   0|   36|          0|
    |empty_38_fu_208                             |  36|   0|   36|          0|
    |empty_39_fu_212                             |  36|   0|   36|          0|
    |empty_40_fu_216                             |  36|   0|   36|          0|
    |empty_41_fu_220                             |  36|   0|   36|          0|
    |empty_42_fu_224                             |  36|   0|   36|          0|
    |empty_43_fu_228                             |  36|   0|   36|          0|
    |empty_44_fu_232                             |  36|   0|   36|          0|
    |empty_45_fu_236                             |  36|   0|   36|          0|
    |empty_46_fu_240                             |  36|   0|   36|          0|
    |empty_fu_196                                |  36|   0|   36|          0|
    |firstBias_f_V_load_reg_3149                 |  22|   0|   22|          0|
    |firstBias_f_V_load_reg_3149_pp0_iter18_reg  |  22|   0|   22|          0|
    |firstKernel_f_V_3_0_load_reg_3144           |  18|   0|   18|          0|
    |i_fu_256                                    |  16|   0|   16|          0|
    |icmp_ln109_reg_2943                         |   1|   0|    1|          0|
    |icmp_ln127_reg_3425                         |   1|   0|    1|          0|
    |icmp_ln37_reg_2899                          |   1|   0|    1|          0|
    |icmp_ln50_reg_2914                          |   1|   0|    1|          0|
    |icmp_ln78_1_reg_3005                        |   1|   0|    1|          0|
    |icmp_ln78_1_reg_3005_pp0_iter15_reg         |   1|   0|    1|          0|
    |icmp_ln78_4_reg_2996                        |   1|   0|    1|          0|
    |icmp_ln78_reg_2980                          |   1|   0|    1|          0|
    |icmp_ln79_reg_3016                          |   1|   0|    1|          0|
    |icmp_ln79_reg_3016_pp0_iter15_reg           |   1|   0|    1|          0|
    |icmp_ln84_reg_2930                          |   1|   0|    1|          0|
    |id_fu_180                                   |  12|   0|   12|          0|
    |j_fu_176                                    |  12|   0|   12|          0|
    |mul_ln712_10_reg_3379                       |  36|   0|   36|          0|
    |mul_ln712_11_reg_3384                       |  36|   0|   36|          0|
    |mul_ln712_1_reg_3334                        |  36|   0|   36|          0|
    |mul_ln712_2_reg_3339                        |  36|   0|   36|          0|
    |mul_ln712_3_reg_3344                        |  36|   0|   36|          0|
    |mul_ln712_4_reg_3349                        |  36|   0|   36|          0|
    |mul_ln712_5_reg_3354                        |  36|   0|   36|          0|
    |mul_ln712_6_reg_3359                        |  36|   0|   36|          0|
    |mul_ln712_7_reg_3364                        |  36|   0|   36|          0|
    |mul_ln712_8_reg_3369                        |  36|   0|   36|          0|
    |mul_ln712_9_reg_3389                        |  36|   0|   36|          0|
    |mul_ln712_reg_3329                          |  36|   0|   36|          0|
    |newSecond78_reg_3011                        |   9|   0|    9|          0|
    |newSecond80_reg_3022                        |   9|   0|    9|          0|
    |newSecond_reg_3032                          |   9|   0|    9|          0|
    |num_V_2_reg_3419                            |  36|   0|   36|          0|
    |select_ln112_11_reg_3209                    |  12|   0|   12|          0|
    |select_ln112_1_reg_3189                     |  12|   0|   12|          0|
    |select_ln112_1_reg_3189_pp0_iter18_reg      |  12|   0|   12|          0|
    |select_ln112_2_reg_3194                     |  12|   0|   12|          0|
    |select_ln112_5_reg_3199                     |  12|   0|   12|          0|
    |select_ln112_8_reg_3204                     |  12|   0|   12|          0|
    |select_ln112_reg_3184                       |  12|   0|   12|          0|
    |select_ln86_reg_3159                        |  12|   0|   12|          0|
    |select_ln96_2_reg_3169                      |  12|   0|   12|          0|
    |select_ln96_4_reg_3174                      |  12|   0|   12|          0|
    |select_ln96_8_reg_3179                      |  12|   0|   12|          0|
    |select_ln96_reg_3164                        |  12|   0|   12|          0|
    |sext_ln78_reg_2924                          |  17|   0|   17|          0|
    |sub_ln125_1_reg_2970                        |   6|   0|    6|          0|
    |t_reg_2990                                  |   2|   0|    2|          0|
    |t_reg_2990_pp0_iter15_reg                   |   2|   0|    2|          0|
    |tmp1_V_0_1_fu_252                           |  12|   0|   12|          0|
    |tmp1_V_0_fu_248                             |  12|   0|   12|          0|
    |tmp1_V_11_30_reg_3122                       |  12|   0|   12|          0|
    |tmp1_V_11_32_reg_3129                       |  12|   0|   12|          0|
    |tmp1_V_11_34_reg_3136                       |  12|   0|   12|          0|
    |tmp1_V_11_36_reg_3154                       |  12|   0|   12|          0|
    |tmp1_V_1_1_fu_268                           |  12|   0|   12|          0|
    |tmp1_V_1_fu_264                             |  12|   0|   12|          0|
    |tmp1_V_2_1_fu_280                           |  12|   0|   12|          0|
    |tmp1_V_2_fu_276                             |  12|   0|   12|          0|
    |tmp1_V_3_fu_244                             |  12|   0|   12|          0|
    |tmp1_V_4_fu_260                             |  12|   0|   12|          0|
    |tmp1_V_5_fu_272                             |  12|   0|   12|          0|
    |tmp1_V_6_fu_292                             |  12|   0|   12|          0|
    |tmp1_V_7_fu_284                             |  12|   0|   12|          0|
    |tmp1_V_8_fu_288                             |  12|   0|   12|          0|
    |tmp_568_reg_2954                            |   1|   0|    1|          0|
    |tmp_570_reg_2965                            |   6|   0|    6|          0|
    |trunc_ln78_reg_2918                         |   7|   0|    7|          0|
    |trunc_ln9_reg_2903                          |   2|   0|    2|          0|
    |add_ln125_reg_2975                          |  64|  32|    9|          0|
    |d_4_reg_2960                                |  64|  32|    4|          0|
    |icmp_ln109_reg_2943                         |  64|  32|    1|          0|
    |icmp_ln37_reg_2899                          |  64|  32|    1|          0|
    |icmp_ln50_reg_2914                          |  64|  32|    1|          0|
    |icmp_ln78_4_reg_2996                        |  64|  32|    1|          0|
    |icmp_ln78_reg_2980                          |  64|  32|    1|          0|
    |icmp_ln84_reg_2930                          |  64|  32|    1|          0|
    |sext_ln78_reg_2924                          |  64|  32|   17|          0|
    |tmp_568_reg_2954                            |  64|  32|    1|          0|
    |trunc_ln78_reg_2918                         |  64|  32|    7|          0|
    |trunc_ln9_reg_2903                          |  64|  32|    2|          0|
    +--------------------------------------------+----+----+-----+-----------+
    |Total                                       |2618| 384| 1896|          0|
    +--------------------------------------------+----+----+-----+-----------+



================================================================
== Interface
================================================================
* Summary: 
+---------------------+-----+-----+------------+---------------------------------------------+--------------+
|      RTL Ports      | Dir | Bits|  Protocol  |                Source Object                |    C Type    |
+---------------------+-----+-----+------------+---------------------------------------------+--------------+
|ap_clk               |   in|    1|  ap_ctrl_hs|  convolution1_fix_Pipeline_Convolution1_loop|  return value|
|ap_rst               |   in|    1|  ap_ctrl_hs|  convolution1_fix_Pipeline_Convolution1_loop|  return value|
|ap_start             |   in|    1|  ap_ctrl_hs|  convolution1_fix_Pipeline_Convolution1_loop|  return value|
|ap_done              |  out|    1|  ap_ctrl_hs|  convolution1_fix_Pipeline_Convolution1_loop|  return value|
|ap_idle              |  out|    1|  ap_ctrl_hs|  convolution1_fix_Pipeline_Convolution1_loop|  return value|
|ap_ready             |  out|    1|  ap_ctrl_hs|  convolution1_fix_Pipeline_Convolution1_loop|  return value|
|tmp1_V_11_0_reload   |   in|   12|     ap_none|                           tmp1_V_11_0_reload|        scalar|
|tmp1_V_10_0_reload   |   in|   12|     ap_none|                           tmp1_V_10_0_reload|        scalar|
|tmp1_V_9             |   in|   12|     ap_none|                                     tmp1_V_9|        scalar|
|tmp1_V_11_4_reload   |   in|   12|     ap_none|                           tmp1_V_11_4_reload|        scalar|
|tmp1_V_11_6_reload   |   in|   12|     ap_none|                           tmp1_V_11_6_reload|        scalar|
|tmp1_V_11_9_reload   |   in|   12|     ap_none|                           tmp1_V_11_9_reload|        scalar|
|tmp1_V_5_0_reload    |   in|   12|     ap_none|                            tmp1_V_5_0_reload|        scalar|
|tmp1_V_4_0_reload    |   in|   12|     ap_none|                            tmp1_V_4_0_reload|        scalar|
|tmp1_V_11_11_reload  |   in|   12|     ap_none|                          tmp1_V_11_11_reload|        scalar|
|tmp1_V_2_0_reload    |   in|   12|     ap_none|                            tmp1_V_2_0_reload|        scalar|
|tmp1_V_1_0_reload    |   in|   12|     ap_none|                            tmp1_V_1_0_reload|        scalar|
|tmp1_V_0_0_reload    |   in|   12|     ap_none|                            tmp1_V_0_0_reload|        scalar|
|input_r_address0     |  out|    9|   ap_memory|                                      input_r|         array|
|input_r_ce0          |  out|    1|   ap_memory|                                      input_r|         array|
|input_r_q0           |   in|   16|   ap_memory|                                      input_r|         array|
|out_0_address0       |  out|    9|   ap_memory|                                        out_0|         array|
|out_0_ce0            |  out|    1|   ap_memory|                                        out_0|         array|
|out_0_we0            |  out|    1|   ap_memory|                                        out_0|         array|
|out_0_d0             |  out|   36|   ap_memory|                                        out_0|         array|
+---------------------+-----+-----+------------+---------------------------------------------+--------------+

