

================================================================
== Vitis HLS Report for 'convolution2_fix_Pipeline_Initialization_Conv2_Loop'
================================================================
* Date:           Sun Aug 21 14:57:05 2022

* Version:        2021.1 (Build 3247384 on Thu Jun 10 19:36:33 MDT 2021)
* Project:        Testing
* Solution:       solution1 (Vivado IP Flow Target)
* Product family: zynq
* Target device:  xc7z020-clg400-1


================================================================
== Performance Estimates
================================================================
+ Timing: 
    * Summary: 
    +--------+----------+----------+------------+
    |  Clock |  Target  | Estimated| Uncertainty|
    +--------+----------+----------+------------+
    |ap_clk  |  10.37 ns|  6.136 ns|     2.80 ns|
    +--------+----------+----------+------------+

+ Latency: 
    * Summary: 
    +---------+---------+----------+----------+-----+-----+---------+
    |  Latency (cycles) |  Latency (absolute) |  Interval | Pipeline|
    |   min   |   max   |    min   |    max   | min | max |   Type  |
    +---------+---------+----------+----------+-----+-----+---------+
    |       18|       18|  0.187 us|  0.187 us|   18|   18|       no|
    +---------+---------+----------+----------+-----+-----+---------+

    + Detail: 
        * Instance: 
        N/A

        * Loop: 
        +-----------------------------+---------+---------+----------+-----------+-----------+------+----------+
        |                             |  Latency (cycles) | Iteration|  Initiation Interval  | Trip |          |
        |          Loop Name          |   min   |   max   |  Latency |  achieved |   target  | Count| Pipelined|
        +-----------------------------+---------+---------+----------+-----------+-----------+------+----------+
        |- Initialization_Conv2_Loop  |       16|       16|         2|          1|          1|    16|       yes|
        +-----------------------------+---------+---------+----------+-----------+-----------+------+----------+



================================================================
== Utilization Estimates
================================================================
* Summary: 
+-----------------+---------+-----+--------+-------+-----+
|       Name      | BRAM_18K| DSP |   FF   |  LUT  | URAM|
+-----------------+---------+-----+--------+-------+-----+
|DSP              |        -|    -|       -|      -|    -|
|Expression       |        -|    -|       0|     72|    -|
|FIFO             |        -|    -|       -|      -|    -|
|Instance         |        -|    -|       0|   3928|    -|
|Memory           |        -|    -|       -|      -|    -|
|Multiplexer      |        -|    -|       -|     54|    -|
|Register         |        -|    -|    1756|      -|    -|
+-----------------+---------+-----+--------+-------+-----+
|Total            |        0|    0|    1756|   4054|    0|
+-----------------+---------+-----+--------+-------+-----+
|Available        |      280|  220|  106400|  53200|    0|
+-----------------+---------+-----+--------+-------+-----+
|Utilization (%)  |        0|    0|       1|      7|    0|
+-----------------+---------+-----+--------+-------+-----+

+ Detail: 
    * Instance: 
    +--------------------+----------------+---------+----+---+-----+-----+
    |      Instance      |     Module     | BRAM_18K| DSP| FF| LUT | URAM|
    +--------------------+----------------+---------+----+---+-----+-----+
    |mux_164_36_1_1_U61  |mux_164_36_1_1  |        0|   0|  0|   65|    0|
    |mux_164_36_1_1_U62  |mux_164_36_1_1  |        0|   0|  0|   65|    0|
    |mux_164_36_1_1_U63  |mux_164_36_1_1  |        0|   0|  0|   65|    0|
    |mux_164_36_1_1_U64  |mux_164_36_1_1  |        0|   0|  0|   65|    0|
    |mux_164_36_1_1_U65  |mux_164_36_1_1  |        0|   0|  0|   65|    0|
    |mux_164_36_1_1_U66  |mux_164_36_1_1  |        0|   0|  0|   65|    0|
    |mux_164_36_1_1_U67  |mux_164_36_1_1  |        0|   0|  0|   65|    0|
    |mux_164_36_1_1_U68  |mux_164_36_1_1  |        0|   0|  0|   65|    0|
    |mux_325_36_1_1_U69  |mux_325_36_1_1  |        0|   0|  0|  142|    0|
    |mux_325_36_1_1_U70  |mux_325_36_1_1  |        0|   0|  0|  142|    0|
    |mux_325_36_1_1_U71  |mux_325_36_1_1  |        0|   0|  0|  142|    0|
    |mux_325_36_1_1_U72  |mux_325_36_1_1  |        0|   0|  0|  142|    0|
    |mux_325_36_1_1_U73  |mux_325_36_1_1  |        0|   0|  0|  142|    0|
    |mux_325_36_1_1_U74  |mux_325_36_1_1  |        0|   0|  0|  142|    0|
    |mux_325_36_1_1_U75  |mux_325_36_1_1  |        0|   0|  0|  142|    0|
    |mux_325_36_1_1_U76  |mux_325_36_1_1  |        0|   0|  0|  142|    0|
    |mux_325_36_1_1_U77  |mux_325_36_1_1  |        0|   0|  0|  142|    0|
    |mux_325_36_1_1_U78  |mux_325_36_1_1  |        0|   0|  0|  142|    0|
    |mux_325_36_1_1_U79  |mux_325_36_1_1  |        0|   0|  0|  142|    0|
    |mux_325_36_1_1_U80  |mux_325_36_1_1  |        0|   0|  0|  142|    0|
    |mux_325_36_1_1_U81  |mux_325_36_1_1  |        0|   0|  0|  142|    0|
    |mux_325_36_1_1_U82  |mux_325_36_1_1  |        0|   0|  0|  142|    0|
    |mux_325_36_1_1_U83  |mux_325_36_1_1  |        0|   0|  0|  142|    0|
    |mux_325_36_1_1_U84  |mux_325_36_1_1  |        0|   0|  0|  142|    0|
    |mux_325_36_1_1_U85  |mux_325_36_1_1  |        0|   0|  0|  142|    0|
    |mux_325_36_1_1_U86  |mux_325_36_1_1  |        0|   0|  0|  142|    0|
    |mux_325_36_1_1_U87  |mux_325_36_1_1  |        0|   0|  0|  142|    0|
    |mux_325_36_1_1_U88  |mux_325_36_1_1  |        0|   0|  0|  142|    0|
    |mux_325_36_1_1_U89  |mux_325_36_1_1  |        0|   0|  0|  142|    0|
    |mux_325_36_1_1_U90  |mux_325_36_1_1  |        0|   0|  0|  142|    0|
    |mux_325_36_1_1_U91  |mux_325_36_1_1  |        0|   0|  0|  142|    0|
    |mux_325_36_1_1_U92  |mux_325_36_1_1  |        0|   0|  0|  142|    0|
    +--------------------+----------------+---------+----+---+-----+-----+
    |Total               |                |        0|   0|  0| 3928|    0|
    +--------------------+----------------+---------+----+---+-----+-----+

    * DSP: 
    N/A

    * Memory: 
    N/A

    * FIFO: 
    N/A

    * Expression: 
    +----------------------+----------+----+---+----+------------+------------+
    |     Variable Name    | Operation| DSP| FF| LUT| Bitwidth P0| Bitwidth P1|
    +----------------------+----------+----+---+----+------------+------------+
    |add_ln145_fu_742_p2   |         +|   0|  0|  13|           5|           1|
    |add_ln147_fu_785_p2   |         +|   0|  0|  23|          16|           1|
    |icmp_ln145_fu_736_p2  |      icmp|   0|  0|  10|           5|           6|
    |icmp_ln147_fu_779_p2  |      icmp|   0|  0|   8|           3|           1|
    |i_3_fu_791_p3         |    select|   0|  0|  16|           1|          16|
    |ap_enable_pp0         |       xor|   0|  0|   2|           1|           2|
    +----------------------+----------+----+---+----+------------+------------+
    |Total                 |          |   0|  0|  72|          31|          27|
    +----------------------+----------+----+---+----+------------+------------+

    * Multiplexer: 
    +-------------------------+----+-----------+-----+-----------+
    |           Name          | LUT| Input Size| Bits| Total Bits|
    +-------------------------+----+-----------+-----+-----------+
    |ap_done_int              |   9|          2|    1|          2|
    |ap_enable_reg_pp0_iter1  |   9|          2|    1|          2|
    |ap_sig_allocacmp_i_load  |   9|          2|   16|         32|
    |ap_sig_allocacmp_r_1     |   9|          2|    5|         10|
    |i_fu_174                 |   9|          2|   16|         32|
    |r_fu_178                 |   9|          2|    5|         10|
    +-------------------------+----+-----------+-----+-----------+
    |Total                    |  54|         12|   44|         88|
    +-------------------------+----+-----------+-----+-----------+

    * Register: 
    +-------------------------+----+----+-----+-----------+
    |           Name          | FF | LUT| Bits| Const Bits|
    +-------------------------+----+----+-----+-----------+
    |ap_CS_fsm                |   1|   0|    1|          0|
    |ap_done_reg              |   1|   0|    1|          0|
    |ap_enable_reg_pp0_iter1  |   1|   0|    1|          0|
    |i_fu_174                 |  16|   0|   16|          0|
    |or_ln_reg_3668           |   4|   0|    5|          1|
    |r_fu_178                 |   5|   0|    5|          0|
    |tmp1_V_10_0_fu_190       |  36|   0|   36|          0|
    |tmp1_V_11_0_fu_194       |  36|   0|   36|          0|
    |tmp1_V_12_0_fu_198       |  36|   0|   36|          0|
    |tmp1_V_13_0_fu_202       |  36|   0|   36|          0|
    |tmp1_V_14_0_fu_206       |  36|   0|   36|          0|
    |tmp1_V_15_0_fu_210       |  36|   0|   36|          0|
    |tmp1_V_17_10_fu_350      |  36|   0|   36|          0|
    |tmp1_V_17_11_fu_354      |  36|   0|   36|          0|
    |tmp1_V_17_12_fu_358      |  36|   0|   36|          0|
    |tmp1_V_17_13_fu_362      |  36|   0|   36|          0|
    |tmp1_V_17_14_fu_366      |  36|   0|   36|          0|
    |tmp1_V_17_15_fu_370      |  36|   0|   36|          0|
    |tmp1_V_17_1_fu_314       |  36|   0|   36|          0|
    |tmp1_V_17_2_fu_318       |  36|   0|   36|          0|
    |tmp1_V_17_3_fu_322       |  36|   0|   36|          0|
    |tmp1_V_17_4_fu_326       |  36|   0|   36|          0|
    |tmp1_V_17_5_fu_330       |  36|   0|   36|          0|
    |tmp1_V_17_6_fu_334       |  36|   0|   36|          0|
    |tmp1_V_17_7_fu_338       |  36|   0|   36|          0|
    |tmp1_V_17_8_fu_342       |  36|   0|   36|          0|
    |tmp1_V_17_9_fu_346       |  36|   0|   36|          0|
    |tmp1_V_17_fu_310         |  36|   0|   36|          0|
    |tmp1_V_8_0_fu_182        |  36|   0|   36|          0|
    |tmp1_V_9_0_fu_186        |  36|   0|   36|          0|
    |tmp2_V_0_0_fu_214        |  36|   0|   36|          0|
    |tmp2_V_16_0_fu_246       |  36|   0|   36|          0|
    |tmp2_V_17_0_fu_250       |  36|   0|   36|          0|
    |tmp2_V_18_0_fu_254       |  36|   0|   36|          0|
    |tmp2_V_19_0_fu_258       |  36|   0|   36|          0|
    |tmp2_V_1_0_fu_218        |  36|   0|   36|          0|
    |tmp2_V_20_0_fu_262       |  36|   0|   36|          0|
    |tmp2_V_21_0_fu_266       |  36|   0|   36|          0|
    |tmp2_V_22_0_fu_270       |  36|   0|   36|          0|
    |tmp2_V_23_0_fu_274       |  36|   0|   36|          0|
    |tmp2_V_24_0_fu_278       |  36|   0|   36|          0|
    |tmp2_V_25_0_fu_282       |  36|   0|   36|          0|
    |tmp2_V_26_0_fu_286       |  36|   0|   36|          0|
    |tmp2_V_27_0_fu_290       |  36|   0|   36|          0|
    |tmp2_V_28_0_fu_294       |  36|   0|   36|          0|
    |tmp2_V_29_0_fu_298       |  36|   0|   36|          0|
    |tmp2_V_2_0_fu_222        |  36|   0|   36|          0|
    |tmp2_V_30_0_fu_302       |  36|   0|   36|          0|
    |tmp2_V_31_0_fu_306       |  36|   0|   36|          0|
    |tmp2_V_3_0_fu_226        |  36|   0|   36|          0|
    |tmp2_V_4_0_fu_230        |  36|   0|   36|          0|
    |tmp2_V_5_0_fu_234        |  36|   0|   36|          0|
    |tmp2_V_6_0_fu_238        |  36|   0|   36|          0|
    |tmp2_V_7_0_fu_242        |  36|   0|   36|          0|
    +-------------------------+----+----+-----+-----------+
    |Total                    |1756|   0| 1757|          1|
    +-------------------------+----+----+-----+-----------+



================================================================
== Interface
================================================================
* Summary: 
+------------------------+-----+-----+------------+-----------------------------------------------------+--------------+
|        RTL Ports       | Dir | Bits|  Protocol  |                    Source Object                    |    C Type    |
+------------------------+-----+-----+------------+-----------------------------------------------------+--------------+
|ap_clk                  |   in|    1|  ap_ctrl_hs|  convolution2_fix_Pipeline_Initialization_Conv2_Loop|  return value|
|ap_rst                  |   in|    1|  ap_ctrl_hs|  convolution2_fix_Pipeline_Initialization_Conv2_Loop|  return value|
|ap_start                |   in|    1|  ap_ctrl_hs|  convolution2_fix_Pipeline_Initialization_Conv2_Loop|  return value|
|ap_done                 |  out|    1|  ap_ctrl_hs|  convolution2_fix_Pipeline_Initialization_Conv2_Loop|  return value|
|ap_idle                 |  out|    1|  ap_ctrl_hs|  convolution2_fix_Pipeline_Initialization_Conv2_Loop|  return value|
|ap_ready                |  out|    1|  ap_ctrl_hs|  convolution2_fix_Pipeline_Initialization_Conv2_Loop|  return value|
|m_0_address0            |  out|    9|   ap_memory|                                                  m_0|         array|
|m_0_ce0                 |  out|    1|   ap_memory|                                                  m_0|         array|
|m_0_q0                  |   in|   36|   ap_memory|                                                  m_0|         array|
|tmp2_V_31_0_out         |  out|   36|      ap_vld|                                      tmp2_V_31_0_out|       pointer|
|tmp2_V_31_0_out_ap_vld  |  out|    1|      ap_vld|                                      tmp2_V_31_0_out|       pointer|
|tmp2_V_30_0_out         |  out|   36|      ap_vld|                                      tmp2_V_30_0_out|       pointer|
|tmp2_V_30_0_out_ap_vld  |  out|    1|      ap_vld|                                      tmp2_V_30_0_out|       pointer|
|tmp2_V_29_0_out         |  out|   36|      ap_vld|                                      tmp2_V_29_0_out|       pointer|
|tmp2_V_29_0_out_ap_vld  |  out|    1|      ap_vld|                                      tmp2_V_29_0_out|       pointer|
|tmp2_V_28_0_out         |  out|   36|      ap_vld|                                      tmp2_V_28_0_out|       pointer|
|tmp2_V_28_0_out_ap_vld  |  out|    1|      ap_vld|                                      tmp2_V_28_0_out|       pointer|
|tmp2_V_27_0_out         |  out|   36|      ap_vld|                                      tmp2_V_27_0_out|       pointer|
|tmp2_V_27_0_out_ap_vld  |  out|    1|      ap_vld|                                      tmp2_V_27_0_out|       pointer|
|tmp2_V_26_0_out         |  out|   36|      ap_vld|                                      tmp2_V_26_0_out|       pointer|
|tmp2_V_26_0_out_ap_vld  |  out|    1|      ap_vld|                                      tmp2_V_26_0_out|       pointer|
|tmp2_V_25_0_out         |  out|   36|      ap_vld|                                      tmp2_V_25_0_out|       pointer|
|tmp2_V_25_0_out_ap_vld  |  out|    1|      ap_vld|                                      tmp2_V_25_0_out|       pointer|
|tmp2_V_24_0_out         |  out|   36|      ap_vld|                                      tmp2_V_24_0_out|       pointer|
|tmp2_V_24_0_out_ap_vld  |  out|    1|      ap_vld|                                      tmp2_V_24_0_out|       pointer|
|tmp2_V_23_0_out         |  out|   36|      ap_vld|                                      tmp2_V_23_0_out|       pointer|
|tmp2_V_23_0_out_ap_vld  |  out|    1|      ap_vld|                                      tmp2_V_23_0_out|       pointer|
|tmp2_V_22_0_out         |  out|   36|      ap_vld|                                      tmp2_V_22_0_out|       pointer|
|tmp2_V_22_0_out_ap_vld  |  out|    1|      ap_vld|                                      tmp2_V_22_0_out|       pointer|
|tmp2_V_21_0_out         |  out|   36|      ap_vld|                                      tmp2_V_21_0_out|       pointer|
|tmp2_V_21_0_out_ap_vld  |  out|    1|      ap_vld|                                      tmp2_V_21_0_out|       pointer|
|tmp2_V_20_0_out         |  out|   36|      ap_vld|                                      tmp2_V_20_0_out|       pointer|
|tmp2_V_20_0_out_ap_vld  |  out|    1|      ap_vld|                                      tmp2_V_20_0_out|       pointer|
|tmp2_V_19_0_out         |  out|   36|      ap_vld|                                      tmp2_V_19_0_out|       pointer|
|tmp2_V_19_0_out_ap_vld  |  out|    1|      ap_vld|                                      tmp2_V_19_0_out|       pointer|
|tmp2_V_18_0_out         |  out|   36|      ap_vld|                                      tmp2_V_18_0_out|       pointer|
|tmp2_V_18_0_out_ap_vld  |  out|    1|      ap_vld|                                      tmp2_V_18_0_out|       pointer|
|tmp2_V_17_0_out         |  out|   36|      ap_vld|                                      tmp2_V_17_0_out|       pointer|
|tmp2_V_17_0_out_ap_vld  |  out|    1|      ap_vld|                                      tmp2_V_17_0_out|       pointer|
|tmp2_V_16_0_out         |  out|   36|      ap_vld|                                      tmp2_V_16_0_out|       pointer|
|tmp2_V_16_0_out_ap_vld  |  out|    1|      ap_vld|                                      tmp2_V_16_0_out|       pointer|
|tmp2_V_7_0_out          |  out|   36|      ap_vld|                                       tmp2_V_7_0_out|       pointer|
|tmp2_V_7_0_out_ap_vld   |  out|    1|      ap_vld|                                       tmp2_V_7_0_out|       pointer|
|tmp2_V_6_0_out          |  out|   36|      ap_vld|                                       tmp2_V_6_0_out|       pointer|
|tmp2_V_6_0_out_ap_vld   |  out|    1|      ap_vld|                                       tmp2_V_6_0_out|       pointer|
|tmp2_V_5_0_out          |  out|   36|      ap_vld|                                       tmp2_V_5_0_out|       pointer|
|tmp2_V_5_0_out_ap_vld   |  out|    1|      ap_vld|                                       tmp2_V_5_0_out|       pointer|
|tmp2_V_4_0_out          |  out|   36|      ap_vld|                                       tmp2_V_4_0_out|       pointer|
|tmp2_V_4_0_out_ap_vld   |  out|    1|      ap_vld|                                       tmp2_V_4_0_out|       pointer|
|tmp2_V_3_0_out          |  out|   36|      ap_vld|                                       tmp2_V_3_0_out|       pointer|
|tmp2_V_3_0_out_ap_vld   |  out|    1|      ap_vld|                                       tmp2_V_3_0_out|       pointer|
|tmp2_V_2_0_out          |  out|   36|      ap_vld|                                       tmp2_V_2_0_out|       pointer|
|tmp2_V_2_0_out_ap_vld   |  out|    1|      ap_vld|                                       tmp2_V_2_0_out|       pointer|
|tmp2_V_1_0_out          |  out|   36|      ap_vld|                                       tmp2_V_1_0_out|       pointer|
|tmp2_V_1_0_out_ap_vld   |  out|    1|      ap_vld|                                       tmp2_V_1_0_out|       pointer|
|tmp2_V_0_0_out          |  out|   36|      ap_vld|                                       tmp2_V_0_0_out|       pointer|
|tmp2_V_0_0_out_ap_vld   |  out|    1|      ap_vld|                                       tmp2_V_0_0_out|       pointer|
|tmp1_V_31_0_out         |  out|   36|      ap_vld|                                      tmp1_V_31_0_out|       pointer|
|tmp1_V_31_0_out_ap_vld  |  out|    1|      ap_vld|                                      tmp1_V_31_0_out|       pointer|
|tmp1_V_30_0_out         |  out|   36|      ap_vld|                                      tmp1_V_30_0_out|       pointer|
|tmp1_V_30_0_out_ap_vld  |  out|    1|      ap_vld|                                      tmp1_V_30_0_out|       pointer|
|tmp1_V_29_0_out         |  out|   36|      ap_vld|                                      tmp1_V_29_0_out|       pointer|
|tmp1_V_29_0_out_ap_vld  |  out|    1|      ap_vld|                                      tmp1_V_29_0_out|       pointer|
|tmp1_V_28_0_out         |  out|   36|      ap_vld|                                      tmp1_V_28_0_out|       pointer|
|tmp1_V_28_0_out_ap_vld  |  out|    1|      ap_vld|                                      tmp1_V_28_0_out|       pointer|
|tmp1_V_27_0_out         |  out|   36|      ap_vld|                                      tmp1_V_27_0_out|       pointer|
|tmp1_V_27_0_out_ap_vld  |  out|    1|      ap_vld|                                      tmp1_V_27_0_out|       pointer|
|tmp1_V_26_0_out         |  out|   36|      ap_vld|                                      tmp1_V_26_0_out|       pointer|
|tmp1_V_26_0_out_ap_vld  |  out|    1|      ap_vld|                                      tmp1_V_26_0_out|       pointer|
|tmp1_V_25_0_out         |  out|   36|      ap_vld|                                      tmp1_V_25_0_out|       pointer|
|tmp1_V_25_0_out_ap_vld  |  out|    1|      ap_vld|                                      tmp1_V_25_0_out|       pointer|
|tmp1_V_24_0_out         |  out|   36|      ap_vld|                                      tmp1_V_24_0_out|       pointer|
|tmp1_V_24_0_out_ap_vld  |  out|    1|      ap_vld|                                      tmp1_V_24_0_out|       pointer|
|tmp1_V_23_0_out         |  out|   36|      ap_vld|                                      tmp1_V_23_0_out|       pointer|
|tmp1_V_23_0_out_ap_vld  |  out|    1|      ap_vld|                                      tmp1_V_23_0_out|       pointer|
|tmp1_V_22_0_out         |  out|   36|      ap_vld|                                      tmp1_V_22_0_out|       pointer|
|tmp1_V_22_0_out_ap_vld  |  out|    1|      ap_vld|                                      tmp1_V_22_0_out|       pointer|
|tmp1_V_21_0_out         |  out|   36|      ap_vld|                                      tmp1_V_21_0_out|       pointer|
|tmp1_V_21_0_out_ap_vld  |  out|    1|      ap_vld|                                      tmp1_V_21_0_out|       pointer|
|tmp1_V_20_0_out         |  out|   36|      ap_vld|                                      tmp1_V_20_0_out|       pointer|
|tmp1_V_20_0_out_ap_vld  |  out|    1|      ap_vld|                                      tmp1_V_20_0_out|       pointer|
|tmp1_V_19_0_out         |  out|   36|      ap_vld|                                      tmp1_V_19_0_out|       pointer|
|tmp1_V_19_0_out_ap_vld  |  out|    1|      ap_vld|                                      tmp1_V_19_0_out|       pointer|
|tmp1_V_18_0_out         |  out|   36|      ap_vld|                                      tmp1_V_18_0_out|       pointer|
|tmp1_V_18_0_out_ap_vld  |  out|    1|      ap_vld|                                      tmp1_V_18_0_out|       pointer|
|tmp1_V_17_0_out         |  out|   36|      ap_vld|                                      tmp1_V_17_0_out|       pointer|
|tmp1_V_17_0_out_ap_vld  |  out|    1|      ap_vld|                                      tmp1_V_17_0_out|       pointer|
|tmp1_V_16_0_out         |  out|   36|      ap_vld|                                      tmp1_V_16_0_out|       pointer|
|tmp1_V_16_0_out_ap_vld  |  out|    1|      ap_vld|                                      tmp1_V_16_0_out|       pointer|
|tmp1_V_15_0_out         |  out|   36|      ap_vld|                                      tmp1_V_15_0_out|       pointer|
|tmp1_V_15_0_out_ap_vld  |  out|    1|      ap_vld|                                      tmp1_V_15_0_out|       pointer|
|tmp1_V_14_0_out         |  out|   36|      ap_vld|                                      tmp1_V_14_0_out|       pointer|
|tmp1_V_14_0_out_ap_vld  |  out|    1|      ap_vld|                                      tmp1_V_14_0_out|       pointer|
|tmp1_V_13_0_out         |  out|   36|      ap_vld|                                      tmp1_V_13_0_out|       pointer|
|tmp1_V_13_0_out_ap_vld  |  out|    1|      ap_vld|                                      tmp1_V_13_0_out|       pointer|
|tmp1_V_12_0_out         |  out|   36|      ap_vld|                                      tmp1_V_12_0_out|       pointer|
|tmp1_V_12_0_out_ap_vld  |  out|    1|      ap_vld|                                      tmp1_V_12_0_out|       pointer|
|tmp1_V_11_0_out         |  out|   36|      ap_vld|                                      tmp1_V_11_0_out|       pointer|
|tmp1_V_11_0_out_ap_vld  |  out|    1|      ap_vld|                                      tmp1_V_11_0_out|       pointer|
|tmp1_V_10_0_out         |  out|   36|      ap_vld|                                      tmp1_V_10_0_out|       pointer|
|tmp1_V_10_0_out_ap_vld  |  out|    1|      ap_vld|                                      tmp1_V_10_0_out|       pointer|
|tmp1_V_9_0_out          |  out|   36|      ap_vld|                                       tmp1_V_9_0_out|       pointer|
|tmp1_V_9_0_out_ap_vld   |  out|    1|      ap_vld|                                       tmp1_V_9_0_out|       pointer|
|tmp1_V_8_0_out          |  out|   36|      ap_vld|                                       tmp1_V_8_0_out|       pointer|
|tmp1_V_8_0_out_ap_vld   |  out|    1|      ap_vld|                                       tmp1_V_8_0_out|       pointer|
+------------------------+-----+-----+------------+-----------------------------------------------------+--------------+

