

================================================================
== Synthesis Summary Report of 'master_fix'
================================================================
+ General Information: 
    * Date:           Tue Jul 26 16:54:37 2022
    * Version:        2021.1 (Build 3247384 on Thu Jun 10 19:36:33 MDT 2021)
    * Project:        Testing
    * Solution:       solution1 (Vivado IP Flow Target)
    * Product family: zynq
    * Target device:  xc7z020-clg400-1
    

+ Performance & Resource Estimates: 
    
    PS: '+' for module; 'o' for loop; '*' for dataflow
    +---------------------------------------------------------------------+------+------+---------+-----------+----------+---------+------+----------+----------+------------+-------------+-------------+-----+
    |                               Modules                               | Issue|      | Latency |  Latency  | Iteration|         | Trip |          |          |            |             |             |     |
    |                               & Loops                               | Type | Slack| (cycles)|    (ns)   |  Latency | Interval| Count| Pipelined|   BRAM   |     DSP    |      FF     |     LUT     | URAM|
    +---------------------------------------------------------------------+------+------+---------+-----------+----------+---------+------+----------+----------+------------+-------------+-------------+-----+
    |+ master_fix                                                         |     -|  0.00|     9523|  9.904e+04|         -|     9524|     -|        no|  55 (19%)|  247 (112%)|  38073 (35%)|  31449 (59%)|    -|
    | + grp_convolution1_fix_fu_433                                       |     -|  0.03|     3097|  3.221e+04|         -|     3097|     -|        no|         -|    24 (10%)|    5543 (5%)|    4968 (9%)|    -|
    |  + grp_convolution1_fix_Pipeline_VITIS_LOOP_17_1_fu_152             |     -|  0.64|        9|     93.600|         -|        9|     -|        no|         -|           -|    297 (~0%)|    1220 (2%)|    -|
    |   o VITIS_LOOP_17_1                                                 |     -|  7.59|        7|     72.800|         3|        1|     6|       yes|         -|           -|            -|            -|    -|
    |  + grp_convolution1_fix_Pipeline_Conv_loop_fu_180                   |     -|  0.03|     3083|  3.206e+04|         -|     3083|     -|        no|         -|    24 (10%)|    5226 (4%)|    3671 (6%)|    -|
    |   o Conv_loop                                                       |     -|  7.59|     3081|  3.204e+04|        11|        1|  3072|       yes|         -|           -|            -|            -|    -|
    | + grp_master_fix_Pipeline_VITIS_LOOP_213_1_VITIS_LOOP_214_2_fu_467  |     -|  0.55|     1022|  1.063e+04|         -|     1022|     -|        no|         -|           -|    705 (~0%)|     727 (1%)|    -|
    |  o VITIS_LOOP_213_1_VITIS_LOOP_214_2                                |     -|  7.59|     1020|  1.061e+04|        14|        1|  1008|       yes|         -|           -|            -|            -|    -|
    | + grp_convolution2_fix_fu_473                                       |     -|  0.12|      730|  7.592e+03|         -|      730|     -|        no|         -|   128 (58%)|  20039 (18%)|  14422 (27%)|    -|
    |  + grp_convolution2_fix_Pipeline_VITIS_LOOP_125_1_fu_268            |     -|  1.46|       18|    187.200|         -|       18|     -|        no|         -|           -|    1740 (1%)|    4054 (7%)|    -|
    |   o VITIS_LOOP_125_1                                                |     -|  7.59|       16|    166.400|         2|        1|    16|       yes|         -|           -|            -|            -|    -|
    |  + grp_convolution2_fix_Pipeline_Conv_loop_fu_322                   |     -|  0.12|      709|  7.374e+03|         -|      709|     -|        no|         -|   128 (58%)|  18293 (17%)|  10180 (19%)|    -|
    |   o Conv_loop                                                       |     -|  7.59|      707|  7.353e+03|        37|        1|   672|       yes|         -|           -|            -|            -|    -|
    | + grp_master_fix_Pipeline_VITIS_LOOP_234_1_VITIS_LOOP_235_2_fu_545  |     -|  0.82|      684|  7.114e+03|         -|      684|     -|        no|         -|           -|    401 (~0%)|    446 (~0%)|    -|
    |  o VITIS_LOOP_234_1_VITIS_LOOP_235_2                                |     -|  7.59|      682|  7.093e+03|        12|        1|   672|       yes|         -|           -|            -|            -|    -|
    | + grp_master_fix_Pipeline_VITIS_LOOP_256_2_VITIS_LOOP_257_3_fu_551  |     -|  0.00|      230|  2.392e+03|         -|      230|     -|        no|    6 (2%)|           -|    275 (~0%)|    350 (~0%)|    -|
    |  o VITIS_LOOP_256_2_VITIS_LOOP_257_3                                |     -|  7.59|      228|  2.371e+03|         6|        1|   224|       yes|         -|           -|            -|            -|    -|
    | + grp_master_fix_Pipeline_VITIS_LOOP_276_1_fu_562                   |     -|  0.68|       23|    239.200|         -|       23|     -|        no|         -|           -|    3159 (2%)|    2414 (4%)|    -|
    |  o VITIS_LOOP_276_1                                                 |     -|  7.59|       21|    218.400|        19|        1|     4|       yes|         -|           -|            -|            -|    -|
    | + grp_master_fix_Pipeline_VITIS_LOOP_291_1_fu_588                   |     -|  0.02|        9|     93.600|         -|        9|     -|        no|         -|           -|    853 (~0%)|    1883 (3%)|    -|
    |  o VITIS_LOOP_291_1                                                 |     -|  7.59|        7|     72.800|         5|        1|     4|       yes|         -|           -|            -|            -|    -|
    | + grp_master_fix_Pipeline_VITIS_LOOP_302_3_fu_600                   |     -|  0.07|       84|    873.600|         -|       84|     -|        no|         -|           -|    421 (~0%)|    110 (~0%)|    -|
    |  o VITIS_LOOP_302_3                                                 |     -|  7.59|       82|    852.800|        80|        1|     4|       yes|         -|           -|            -|            -|    -|
    | o VITIS_LOOP_254_1                                                  |     -|  7.59|     3744|  3.894e+04|       234|        -|    16|        no|         -|           -|            -|            -|    -|
    | o VITIS_LOOP_297_2                                                  |     -|  7.59|      108|  1.123e+03|        27|        -|     4|        no|         -|           -|            -|            -|    -|
    +---------------------------------------------------------------------+------+------+---------+-----------+----------+---------+------+----------+----------+------------+-------------+-------------+-----+


================================================================
== HW Interfaces
================================================================
* AP_MEMORY
+------------------+----------+
| Interface        | Bitwidth |
+------------------+----------+
| input_r_address0 | 9        |
| input_r_q0       | 16       |
| out_r_address0   | 2        |
| out_r_d0         | 32       |
+------------------+----------+

* TOP LEVEL CONTROL
+-----------+------------+-----------------------------------+
| Interface | Type       | Ports                             |
+-----------+------------+-----------------------------------+
| ap_clk    | clock      | ap_clk                            |
| ap_rst    | reset      | ap_rst                            |
| ap_ctrl   | ap_ctrl_hs | ap_done ap_idle ap_ready ap_start |
+-----------+------------+-----------------------------------+


================================================================
== SW I/O Information
================================================================
* Top Function Arguments
+----------+-----------+--------------------------------------------+
| Argument | Direction | Datatype                                   |
+----------+-----------+--------------------------------------------+
| input    | in        | ap_fixed<12, 12, AP_RND_CONV, AP_WRAP, 0>* |
| out      | out       | float*                                     |
+----------+-----------+--------------------------------------------+

* SW-to-HW Mapping
+----------+------------------+---------+----------+
| Argument | HW Name          | HW Type | HW Usage |
+----------+------------------+---------+----------+
| input    | input_r_address0 | port    | offset   |
| input    | input_r_ce0      | port    |          |
| input    | input_r_q0       | port    |          |
| out      | out_r_address0   | port    | offset   |
| out      | out_r_ce0        | port    |          |
| out      | out_r_we0        | port    |          |
| out      | out_r_d0         | port    |          |
+----------+------------------+---------+----------+


================================================================
== M_AXI Burst Information
================================================================

