

================================================================
== Vitis HLS Report for 'exp_32_13_s'
================================================================
* Date:           Sun Jun 19 18:34:16 2022

* Version:        2021.1 (Build 3247384 on Thu Jun 10 19:36:33 MDT 2021)
* Project:        Testing
* Solution:       solution1 (Vivado IP Flow Target)
* Product family: zynquplus
* Target device:  xczu7ev-ffvf1517-3-e


================================================================
== Performance Estimates
================================================================
+ Timing: 
    * Summary: 
    +--------+----------+----------+------------+
    |  Clock |  Target  | Estimated| Uncertainty|
    +--------+----------+----------+------------+
    |ap_clk  |  10.00 ns|  7.216 ns|     2.70 ns|
    +--------+----------+----------+------------+

+ Latency: 
    * Summary: 
    +---------+---------+-----------+-----------+-----+-----+---------+
    |  Latency (cycles) |   Latency (absolute)  |  Interval | Pipeline|
    |   min   |   max   |    min    |    max    | min | max |   Type  |
    +---------+---------+-----------+-----------+-----+-----+---------+
    |        3|        3|  30.000 ns|  30.000 ns|    1|    1|      yes|
    +---------+---------+-----------+-----------+-----+-----+---------+

    + Detail: 
        * Instance: 
        N/A

        * Loop: 
        N/A



================================================================
== Utilization Estimates
================================================================
* Summary: 
+-----------------+---------+------+--------+--------+-----+
|       Name      | BRAM_18K|  DSP |   FF   |   LUT  | URAM|
+-----------------+---------+------+--------+--------+-----+
|DSP              |        -|     -|       -|       -|    -|
|Expression       |        -|     -|       0|     462|    -|
|FIFO             |        -|     -|       -|       -|    -|
|Instance         |        -|    20|       0|      58|    -|
|Memory           |        5|     -|      13|       2|    -|
|Multiplexer      |        -|     -|       -|       -|    -|
|Register         |        -|     -|     270|      64|    -|
+-----------------+---------+------+--------+--------+-----+
|Total            |        5|    20|     283|     586|    0|
+-----------------+---------+------+--------+--------+-----+
|Available        |      624|  1728|  460800|  230400|   96|
+-----------------+---------+------+--------+--------+-----+
|Utilization (%)  |       ~0|     1|      ~0|      ~0|    0|
+-----------------+---------+------+--------+--------+-----+

+ Detail: 
    * Instance: 
    +---------------------------+-----------------------+---------+----+---+----+-----+
    |          Instance         |         Module        | BRAM_18K| DSP| FF| LUT| URAM|
    +---------------------------+-----------------------+---------+----+---+----+-----+
    |mul_44ns_42ns_86_1_1_U60   |mul_44ns_42ns_86_1_1   |        0|   4|  0|  16|    0|
    |mul_50ns_48ns_98_1_1_U61   |mul_50ns_48ns_98_1_1   |        0|   8|  0|  21|    0|
    |mul_50ns_50ns_100_1_1_U62  |mul_50ns_50ns_100_1_1  |        0|   8|  0|  21|    0|
    +---------------------------+-----------------------+---------+----+---+----+-----+
    |Total                      |                       |        0|  20|  0|  58|    0|
    +---------------------------+-----------------------+---------+----+---+----+-----+

    * DSP: 
    N/A

    * Memory: 
    +-----------------------+---------------------------------+---------+---+----+-----+------+-----+------+-------------+
    |         Memory        |              Module             | BRAM_18K| FF| LUT| URAM| Words| Bits| Banks| W*Bits*Banks|
    +-----------------------+---------------------------------+---------+---+----+-----+------+-----+------+-------------+
    |exp_x_msb_1_table_V_U  |exp_32_13_s_exp_x_msb_1_table_V  |        2|  0|   0|    0|   256|   50|     1|        12800|
    |f_x_msb_2_table_V_U    |exp_32_13_s_f_x_msb_2_table_V    |        2|  0|   0|    0|   256|   46|     1|        11776|
    |f_x_msb_3_table_V_U    |exp_32_13_s_f_x_msb_3_table_V    |        1|  0|   0|    0|    32|   32|     1|         1024|
    |f_x_msb_4_h_table_V_U  |exp_32_13_s_f_x_msb_4_h_table_V  |        0|  6|   1|    0|     8|    6|     1|           48|
    |f_x_msb_4_l_table_V_U  |exp_32_13_s_f_x_msb_4_l_table_V  |        0|  7|   1|    0|     8|    7|     1|           56|
    +-----------------------+---------------------------------+---------+---+----+-----+------+-----+------+-------------+
    |Total                  |                                 |        5| 13|   2|    0|   560|  141|     5|        25704|
    +-----------------------+---------------------------------+---------+---+----+-----+------+-----+------+-------------+

    * FIFO: 
    N/A

    * Expression: 
    +-----------------------------------+----------+----+---+----+------------+------------+
    |           Variable Name           | Operation| DSP| FF| LUT| Bitwidth P0| Bitwidth P1|
    +-----------------------------------+----------+----+---+----+------------+------------+
    |add_ln712_fu_551_p2                |         +|   0|  0|  50|          43|          43|
    |exp_x_msb_3_4_lsb_m_1_V_fu_561_p2  |         +|   0|  0|  55|          48|          48|
    |ret_V_5_fu_594_p2                  |         +|   0|  0|  16|           9|           9|
    |ret_V_6_fu_649_p2                  |         +|   0|  0|  56|          56|          56|
    |ret_V_fu_658_p2                    |         +|   0|  0|  56|          56|          56|
    |y_l_V_fu_719_p2                    |         +|   0|  0|  57|          50|          50|
    |and_ln300_fu_383_p2                |       and|   0|  0|   2|           1|           1|
    |icmp_ln1549_fu_377_p2              |      icmp|   0|  0|  16|          23|          20|
    |icmp_ln1551_fu_371_p2              |      icmp|   0|  0|   9|           5|           4|
    |icmp_ln533_1_fu_804_p2             |      icmp|   0|  0|   9|           5|           1|
    |icmp_ln533_fu_782_p2               |      icmp|   0|  0|   8|           3|           1|
    |overf_1_fu_752_p2                  |      icmp|   0|  0|   8|           2|           1|
    |or_ln300_1_fu_440_p2               |        or|   0|  0|   2|           1|           1|
    |or_ln300_2_fu_446_p2               |        or|   0|  0|   2|           1|           1|
    |or_ln300_3_fu_452_p2               |        or|   0|  0|   2|           1|           1|
    |or_ln300_4_fu_458_p2               |        or|   0|  0|   2|           1|           1|
    |or_ln300_5_fu_464_p2               |        or|   0|  0|   2|           1|           1|
    |or_ln300_6_fu_470_p2               |        or|   0|  0|   2|           1|           1|
    |or_ln300_7_fu_476_p2               |        or|   0|  0|   2|           1|           1|
    |or_ln300_fu_434_p2                 |        or|   0|  0|   2|           1|           1|
    |or_ln533_1_fu_788_p2               |        or|   0|  0|   2|           1|           1|
    |or_ln533_fu_766_p2                 |        or|   0|  0|   2|           1|           1|
    |overf_2_fu_810_p2                  |        or|   0|  0|   2|           1|           1|
    |ap_return                          |    select|   0|  0|  32|           1|          31|
    |select_ln640_fu_684_p3             |    select|   0|  0|   2|           1|           2|
    |y_V_2_fu_735_p3                    |    select|   0|  0|  44|           1|          46|
    |ap_enable_pp0                      |       xor|   0|  0|   2|           1|           2|
    |overf_fu_267_p2                    |       xor|   0|  0|   2|           1|           1|
    |xor_ln222_2_fu_281_p2              |       xor|   0|  0|   2|           1|           1|
    |xor_ln222_3_fu_295_p2              |       xor|   0|  0|   2|           1|           1|
    |xor_ln222_4_fu_309_p2              |       xor|   0|  0|   2|           1|           1|
    |xor_ln222_5_fu_337_p2              |       xor|   0|  0|   2|           1|           1|
    |xor_ln222_6_fu_351_p2              |       xor|   0|  0|   2|           1|           1|
    |xor_ln222_7_fu_365_p2              |       xor|   0|  0|   2|           1|           1|
    |xor_ln222_fu_323_p2                |       xor|   0|  0|   2|           1|           1|
    |xor_ln288_fu_679_p2                |       xor|   0|  0|   2|           1|           2|
    +-----------------------------------+----------+----+---+----+------------+------------+
    |Total                              |          |   0|  0| 462|         325|         392|
    +-----------------------------------+----------+----+---+----+------------+------------+

    * Multiplexer: 
    N/A

    * Register: 
    +-----------------------------------+----+----+-----+-----------+
    |                Name               | FF | LUT| Bits| Const Bits|
    +-----------------------------------+----+----+-----+-----------+
    |ap_CS_fsm                          |   1|   0|    1|          0|
    |ap_enable_reg_pp0_iter1            |   1|   0|    1|          0|
    |ap_enable_reg_pp0_iter2            |   1|   0|    1|          0|
    |ap_enable_reg_pp0_iter3            |   1|   0|    1|          0|
    |exp_x_msb_2_3_4_lsb_m_1_V_reg_893  |  50|   0|   50|          0|
    |exp_x_msb_3_4_lsb_m_1_V_reg_882    |  48|   0|   48|          0|
    |or_ln300_7_reg_877                 |   1|   0|    1|          0|
    |p_Result_s_reg_840                 |   7|   0|    7|          0|
    |p_Result_s_reg_840_pp0_iter1_reg   |   7|   0|    7|          0|
    |tmp_29_reg_845                     |   8|   0|    8|          0|
    |tmp_29_reg_845_pp0_iter1_reg       |   8|   0|    8|          0|
    |tmp_30_reg_851                     |   5|   0|    5|          0|
    |tmp_31_reg_857                     |   3|   0|    3|          0|
    |tmp_reg_834                        |   1|   0|    1|          0|
    |or_ln300_7_reg_877                 |  64|  32|    1|          0|
    |tmp_reg_834                        |  64|  32|    1|          0|
    +-----------------------------------+----+----+-----+-----------+
    |Total                              | 270|  64|  144|          0|
    +-----------------------------------+----+----+-----+-----------+



================================================================
== Interface
================================================================
* Summary: 
+-----------+-----+-----+------------+--------------+--------------+
| RTL Ports | Dir | Bits|  Protocol  | Source Object|    C Type    |
+-----------+-----+-----+------------+--------------+--------------+
|ap_clk     |   in|    1|  ap_ctrl_hs|   exp<32, 13>|  return value|
|ap_rst     |   in|    1|  ap_ctrl_hs|   exp<32, 13>|  return value|
|ap_start   |   in|    1|  ap_ctrl_hs|   exp<32, 13>|  return value|
|ap_done    |  out|    1|  ap_ctrl_hs|   exp<32, 13>|  return value|
|ap_idle    |  out|    1|  ap_ctrl_hs|   exp<32, 13>|  return value|
|ap_ready   |  out|    1|  ap_ctrl_hs|   exp<32, 13>|  return value|
|ap_return  |  out|   32|  ap_ctrl_hs|   exp<32, 13>|  return value|
|x          |   in|   32|     ap_none|             x|        scalar|
+-----------+-----+-----+------------+--------------+--------------+

